Archive member included to satisfy reference by file (symbol)

c:/vsarm/armcc/12.2 mpacbti-rel1/bin/../lib/gcc/arm-none-eabi/12.2.1/thumb/v6-m/nofp\libgcc.a(_dvmd_tls.o)
                              CMakeFiles/opendas_firm.dir/C_/VSARM/PicoSDK/pico-sdk/src/rp2_common/pico_divider/divider.S.obj (__aeabi_idiv0)
c:/vsarm/armcc/12.2 mpacbti-rel1/bin/../lib/gcc/arm-none-eabi/12.2.1/thumb/v6-m/nofp\libg.a(libc_a-calloc.o)
                              CMakeFiles/opendas_firm.dir/C_/VSARM/PicoSDK/pico-sdk/src/rp2_common/pico_malloc/pico_malloc.c.obj (calloc)
c:/vsarm/armcc/12.2 mpacbti-rel1/bin/../lib/gcc/arm-none-eabi/12.2.1/thumb/v6-m/nofp\libg.a(libc_a-callocr.o)
                              c:/vsarm/armcc/12.2 mpacbti-rel1/bin/../lib/gcc/arm-none-eabi/12.2.1/thumb/v6-m/nofp\libg.a(libc_a-calloc.o) (_calloc_r)
c:/vsarm/armcc/12.2 mpacbti-rel1/bin/../lib/gcc/arm-none-eabi/12.2.1/thumb/v6-m/nofp\libg.a(libc_a-malloc.o)
                              CMakeFiles/opendas_firm.dir/C_/VSARM/PicoSDK/pico-sdk/src/rp2_common/pico_malloc/pico_malloc.c.obj (malloc)
c:/vsarm/armcc/12.2 mpacbti-rel1/bin/../lib/gcc/arm-none-eabi/12.2.1/thumb/v6-m/nofp\libg.a(libc_a-mallocr.o)
                              c:/vsarm/armcc/12.2 mpacbti-rel1/bin/../lib/gcc/arm-none-eabi/12.2.1/thumb/v6-m/nofp\libg.a(libc_a-callocr.o) (_malloc_r)
c:/vsarm/armcc/12.2 mpacbti-rel1/bin/../lib/gcc/arm-none-eabi/12.2.1/thumb/v6-m/nofp\libg.a(libc_a-mlock.o)
                              c:/vsarm/armcc/12.2 mpacbti-rel1/bin/../lib/gcc/arm-none-eabi/12.2.1/thumb/v6-m/nofp\libg.a(libc_a-mallocr.o) (__malloc_lock)
c:/vsarm/armcc/12.2 mpacbti-rel1/bin/../lib/gcc/arm-none-eabi/12.2.1/thumb/v6-m/nofp\libg.a(libc_a-realloc.o)
                              CMakeFiles/opendas_firm.dir/C_/VSARM/PicoSDK/pico-sdk/src/rp2_common/pico_malloc/pico_malloc.c.obj (realloc)
c:/vsarm/armcc/12.2 mpacbti-rel1/bin/../lib/gcc/arm-none-eabi/12.2.1/thumb/v6-m/nofp\libg.a(libc_a-reallocr.o)
                              c:/vsarm/armcc/12.2 mpacbti-rel1/bin/../lib/gcc/arm-none-eabi/12.2.1/thumb/v6-m/nofp\libg.a(libc_a-realloc.o) (_realloc_r)
c:/vsarm/armcc/12.2 mpacbti-rel1/bin/../lib/gcc/arm-none-eabi/12.2.1/thumb/v6-m/nofp\libg.a(libc_a-memmove.o)
                              c:/vsarm/armcc/12.2 mpacbti-rel1/bin/../lib/gcc/arm-none-eabi/12.2.1/thumb/v6-m/nofp\libg.a(libc_a-reallocr.o) (memmove)
c:/vsarm/armcc/12.2 mpacbti-rel1/bin/../lib/gcc/arm-none-eabi/12.2.1/thumb/v6-m/nofp\libg.a(libc_a-impure.o)
                              c:/vsarm/armcc/12.2 mpacbti-rel1/bin/../lib/gcc/arm-none-eabi/12.2.1/thumb/v6-m/nofp\libg.a(libc_a-calloc.o) (_impure_ptr)
c:/vsarm/armcc/12.2 mpacbti-rel1/bin/../lib/gcc/arm-none-eabi/12.2.1/thumb/v6-m/nofp\libg.a(libc_a-sbrkr.o)
                              c:/vsarm/armcc/12.2 mpacbti-rel1/bin/../lib/gcc/arm-none-eabi/12.2.1/thumb/v6-m/nofp\libg.a(libc_a-mallocr.o) (_sbrk_r)
c:/vsarm/armcc/12.2 mpacbti-rel1/bin/../lib/gcc/arm-none-eabi/12.2.1/thumb/v6-m/nofp\libg.a(libc_a-errno.o)
                              c:/vsarm/armcc/12.2 mpacbti-rel1/bin/../lib/gcc/arm-none-eabi/12.2.1/thumb/v6-m/nofp\libg.a(libc_a-callocr.o) (__errno)
c:/vsarm/armcc/12.2 mpacbti-rel1/bin/../lib/gcc/arm-none-eabi/12.2.1/thumb/v6-m/nofp\libg.a(libc_a-init.o)
                              c:/vsarm/armcc/12.2 mpacbti-rel1/bin/../lib/gcc/arm-none-eabi/12.2.1/thumb/v6-m/nofp/crt0.o (__libc_init_array)
c:/vsarm/armcc/12.2 mpacbti-rel1/bin/../lib/gcc/arm-none-eabi/12.2.1/thumb/v6-m/nofp\libg.a(libc_a-lock.o)
                              c:/vsarm/armcc/12.2 mpacbti-rel1/bin/../lib/gcc/arm-none-eabi/12.2.1/thumb/v6-m/nofp\libg.a(libc_a-mlock.o) (__retarget_lock_acquire_recursive)
c:/vsarm/armcc/12.2 mpacbti-rel1/bin/../lib/gcc/arm-none-eabi/12.2.1/thumb/v6-m/nofp\libg.a(libc_a-sysconf.o)
                              c:/vsarm/armcc/12.2 mpacbti-rel1/bin/../lib/gcc/arm-none-eabi/12.2.1/thumb/v6-m/nofp\libg.a(libc_a-mallocr.o) (sysconf)
c:/vsarm/armcc/12.2 mpacbti-rel1/bin/../lib/gcc/arm-none-eabi/12.2.1/thumb/v6-m/nofp\libg.a(libc_a-strlen-stub.o)
                              CMakeFiles/opendas_firm.dir/C_/VSARM/PicoSDK/pico-sdk/src/rp2_common/pico_stdio/stdio.c.obj (strlen)
c:/vsarm/armcc/12.2 mpacbti-rel1/bin/../lib/gcc/arm-none-eabi/12.2.1/thumb/v6-m/nofp\libg.a(libc_a-freer.o)
                              c:/vsarm/armcc/12.2 mpacbti-rel1/bin/../lib/gcc/arm-none-eabi/12.2.1/thumb/v6-m/nofp\libg.a(libc_a-malloc.o) (_free_r)
c:/vsarm/armcc/12.2 mpacbti-rel1/bin/../lib/gcc/arm-none-eabi/12.2.1/thumb/v6-m/nofp\libg.a(libc_a-findfp.o)
                              c:/vsarm/armcc/12.2 mpacbti-rel1/bin/../lib/gcc/arm-none-eabi/12.2.1/thumb/v6-m/nofp\libg.a(libc_a-impure.o) (__sf)
c:/vsarm/armcc/12.2 mpacbti-rel1/bin/../lib/gcc/arm-none-eabi/12.2.1/thumb/v6-m/nofp\libg.a(libc_a-fwalk.o)
                              c:/vsarm/armcc/12.2 mpacbti-rel1/bin/../lib/gcc/arm-none-eabi/12.2.1/thumb/v6-m/nofp\libg.a(libc_a-findfp.o) (_fwalk_sglue)
[...]
Memory Configuration

Name             Origin             Length             Attributes
FLASH            0x10000000         0x00200000         xr
RAM              0x20000000         0x00040000         xrw
SCRATCH_X        0x20040000         0x00001000         xrw
SCRATCH_Y        0x20041000         0x00001000         xrw
*default*        0x00000000         0xffffffff

Linker script and memory map

LOAD c:/vsarm/armcc/12.2 mpacbti-rel1/bin/../lib/gcc/arm-none-eabi/12.2.1/thumb/v6-m/nofp/crti.o
LOAD c:/vsarm/armcc/12.2 mpacbti-rel1/bin/../lib/gcc/arm-none-eabi/12.2.1/thumb/v6-m/nofp/crtbegin.o
LOAD c:/vsarm/armcc/12.2 mpacbti-rel1/bin/../lib/gcc/arm-none-eabi/12.2.1/thumb/v6-m/nofp/crt0.o

.flash_begin    0x10000000        0x0
                0x10000000                        __flash_binary_start = .

.boot2          0x10000000      0x100
                0x10000000                        __boot2_start__ = .
 *(.boot2)
 .boot2         0x10000000      0x100 C:\Users\gumpa\AppData\Local\Temp\cce6ZsxS.o
                0x10000100                        __boot2_end__ = .
                0x00000001                        ASSERT (((__boot2_end__ - __boot2_start__) == 0x100), ERROR: Pico second stage bootloader must be 256 bytes in size)

.text           0x10000100     0x77a0
                0x10000100                        __logical_binary_start = .
 *(.vectors)
 .vectors       0x10000100       0xd4 CMakeFiles/opendas_firm.dir/C_/VSARM/PicoSDK/pico-sdk/src/rp2_common/pico_standard_link/crt0.S.obj
                0x10000100                __VECTOR_TABLE
                0x10000100                __vectors
                0x100001c0                isr_invalid
                0x100001c0                __default_isrs_start
                0x100001c2                isr_nmi
                0x100001c4                isr_hardfault
                0x100001c6                isr_svcall
                0x100001c8                isr_pendsv
                0x100001ca                isr_systick
                0x100001cc                isr_irq23
                0x100001cc                isr_irq18
                0x100001cc                isr_irq11
                0x100001cc                isr_irq28
                0x100001cc                isr_irq19
                0x100001cc                isr_irq0
                0x100001cc                isr_irq6
                0x100001cc                isr_irq5
                0x100001cc                isr_irq12
                0x100001cc                isr_irq22
                0x100001cc                isr_irq31
                0x100001cc                isr_irq17
                0x100001cc                isr_irq27
                0x100001cc                isr_irq30
                0x100001cc                isr_irq2
                0x100001cc                isr_irq10
                0x100001cc                isr_irq8
                0x100001cc                isr_irq24
                0x100001cc                isr_irq1
                0x100001cc                isr_irq7
                0x100001cc                isr_irq21
                0x100001cc                isr_irq20
                0x100001cc                isr_irq15
                0x100001cc                isr_irq25
                0x100001cc                isr_irq13
                0x100001cc                __unhandled_user_irq
                0x100001cc                isr_irq4
                0x100001cc                isr_irq16
                0x100001cc                isr_irq29
                0x100001cc                isr_irq26
                0x100001cc                __default_isrs_end
                0x100001cc                isr_irq3
                0x100001cc                isr_irq14
                0x100001cc                isr_irq9
                0x100001d2                unhandled_user_irq_num_in_r0
 *(.binary_info_header)
 .binary_info_header
                0x100001d4       0x14 CMakeFiles/opendas_firm.dir/C_/VSARM/PicoSDK/pico-sdk/src/rp2_common/pico_standard_link/crt0.S.obj
                0x100001e8                        __binary_info_header_end = .
 *(.reset)
 .reset         0x100001e8       0xa0 CMakeFiles/opendas_firm.dir/C_/VSARM/PicoSDK/pico-sdk/src/rp2_common/pico_standard_link/crt0.S.obj
                0x100001e8                _entry_point
 .reset         0x10000288       0x30 CMakeFiles/opendas_firm.dir/C_/VSARM/PicoSDK/pico-sdk/src/rp2_common/pico_standard_link/binary_info.c.obj
 *(.init)
 .init          0x100002b8        0x4 c:/vsarm/armcc/12.2 mpacbti-rel1/bin/../lib/gcc/arm-none-eabi/12.2.1/thumb/v6-m/nofp/crti.o
                0x100002b8                _init
 *(EXCLUDE_FILE(*libm.a: *libc.a:*lib_a-mem*.o *libgcc.a:) .text*)
 .text.register_tm_clones
                0x100002bc       0x28 c:/vsarm/armcc/12.2 mpacbti-rel1/bin/../lib/gcc/arm-none-eabi/12.2.1/thumb/v6-m/nofp/crtbegin.o
 .text.frame_dummy
                0x100002e4       0x24 c:/vsarm/armcc/12.2 mpacbti-rel1/bin/../lib/gcc/arm-none-eabi/12.2.1/thumb/v6-m/nofp/crtbegin.o
 .text._Z22main_adc_read_callbackjm
                0x10000308       0x3c CMakeFiles/opendas_firm.dir/main.cpp.obj
                0x10000308                main_adc_read_callback(unsigned int, unsigned long)
 .text._Z41__static_initialization_and_destruction_0ii
                0x10000344       0x48 CMakeFiles/opendas_firm.dir/main.cpp.obj
 .text._Z33init_start_adc_conv_pin_interruptv
                0x1000038c       0x30 CMakeFiles/opendas_firm.dir/main.cpp.obj
                0x1000038c                init_start_adc_conv_pin_interrupt()
 .text._Z14print_adc_regsv
                0x100003bc      0x180 CMakeFiles/opendas_firm.dir/main.cpp.obj
                0x100003bc                print_adc_regs()
 .text._Z13init_main_adcv
                0x1000053c       0x94 CMakeFiles/opendas_firm.dir/main.cpp.obj
                0x1000053c                init_main_adc()
 .text._Z14init_voltmeterv
                0x100005d0       0x54 CMakeFiles/opendas_firm.dir/main.cpp.obj
                0x100005d0                init_voltmeter()
 .text.main     0x10000624       0x48 CMakeFiles/opendas_firm.dir/main.cpp.obj
                0x10000624                main
 .text._GLOBAL__sub_I_vm_input_config
                0x1000066c       0x10 CMakeFiles/opendas_firm.dir/main.cpp.obj
 .text._ZN16ShiftRegister59517startTransmissionEv
                0x1000067c       0x24 CMakeFiles/opendas_firm.dir/ShiftRegister595.cpp.obj
                0x1000067c                ShiftRegister595::startTransmission()
 .text._ZN16ShiftRegister59515endTransmissionEv
                0x100006a0       0x24 CMakeFiles/opendas_firm.dir/ShiftRegister595.cpp.obj
                0x100006a0                ShiftRegister595::endTransmission()
 .text._ZN16ShiftRegister5954sendEh
                0x100006c4       0x60 CMakeFiles/opendas_firm.dir/ShiftRegister595.cpp.obj
                0x100006c4                ShiftRegister595::send(unsigned char)
 .text._ZN16ShiftRegister5955clearEv
                0x10000724        0xa CMakeFiles/opendas_firm.dir/ShiftRegister595.cpp.obj
                0x10000724                ShiftRegister595::clear()
 *fill*         0x1000072e        0x2 
 .text._ZN16ShiftRegister595C2EP8spi_instjjj
                0x10000730       0x50 CMakeFiles/opendas_firm.dir/ShiftRegister595.cpp.obj
                0x10000730                ShiftRegister595::ShiftRegister595(spi_inst*, unsigned int, unsigned int, unsigned int)
                0x10000730                ShiftRegister595::ShiftRegister595(spi_inst*, unsigned int, unsigned int, unsigned int)
 .text._ZN15VoltMeterInputs12clearInnPinsEv
                0x10000780       0x28 CMakeFiles/opendas_firm.dir/VoltMeterInputs.cpp.obj
                0x10000780                VoltMeterInputs::clearInnPins()
 .text._ZN15VoltMeterInputs6setInnENS_14InputSelectionE
                0x100007a8       0x54 CMakeFiles/opendas_firm.dir/VoltMeterInputs.cpp.obj
                0x100007a8                VoltMeterInputs::setInn(VoltMeterInputs::InputSelection)
 .text._ZN15VoltMeterInputs7initPinEj
                0x100007fc       0x18 CMakeFiles/opendas_firm.dir/VoltMeterInputs.cpp.obj
                0x100007fc                VoltMeterInputs::initPin(unsigned int)
 .text._ZN15VoltMeterInputsC2ERK20VoltMeterInputConfig
                0x10000814       0x62 CMakeFiles/opendas_firm.dir/VoltMeterInputs.cpp.obj
                0x10000814                VoltMeterInputs::VoltMeterInputs(VoltMeterInputConfig const&)
                0x10000814                VoltMeterInputs::VoltMeterInputs(VoltMeterInputConfig const&)
 .text._ZN3AFEC2ERKNS_9AFEConfigE
                0x10000876       0x3a CMakeFiles/opendas_firm.dir/AFE.cpp.obj
                0x10000876                AFE::AFE(AFE::AFEConfig const&)
                0x10000876                AFE::AFE(AFE::AFEConfig const&)
 .text._ZN3AFE12set_fda_gainENS_10fda_gain_tE
                0x100008b0       0x1e CMakeFiles/opendas_firm.dir/AFE.cpp.obj
                0x100008b0                AFE::set_fda_gain(AFE::fda_gain_t)
 .text._ZN3AFE36connect_negative_input_buffer_to_innEv
                0x100008ce       0x1a CMakeFiles/opendas_firm.dir/AFE.cpp.obj
                0x100008ce                AFE::connect_negative_input_buffer_to_inn()
 .text._ZN3AFE28connect_ref_mid_scale_to_inpEv
                0x100008e8       0x1c CMakeFiles/opendas_firm.dir/AFE.cpp.obj
                0x100008e8                AFE::connect_ref_mid_scale_to_inp()
 .text._Z41__static_initialization_and_destruction_0ii
                0x10000904       0x1c CMakeFiles/opendas_firm.dir/ADS127L11/ADS127L11.cpp.obj
 .text._ZN9ADS127L11C2EP8spi_insthh
                0x10000920       0x4c CMakeFiles/opendas_firm.dir/ADS127L11/ADS127L11.cpp.obj
                0x10000920                ADS127L11::ADS127L11(spi_inst*, unsigned char, unsigned char)
                0x10000920                ADS127L11::ADS127L11(spi_inst*, unsigned char, unsigned char)
 .text._ZN9ADS127L1111select_chipEv
                0x1000096c       0x14 CMakeFiles/opendas_firm.dir/ADS127L11/ADS127L11.cpp.obj
                0x1000096c                ADS127L11::select_chip()
 .text._ZN9ADS127L1113deselect_chipEv
                0x10000980       0x14 CMakeFiles/opendas_firm.dir/ADS127L11/ADS127L11.cpp.obj
                0x10000980                ADS127L11::deselect_chip()
 .text._ZN9ADS127L118hw_resetEv
                0x10000994       0x20 CMakeFiles/opendas_firm.dir/ADS127L11/ADS127L11.cpp.obj
                0x10000994                ADS127L11::hw_reset()
 .text._ZN9ADS127L114initEv
                0x100009b4       0x40 CMakeFiles/opendas_firm.dir/ADS127L11/ADS127L11.cpp.obj
                0x100009b4                ADS127L11::init()
 .text._ZN9ADS127L1115set_spi_contextEv
                0x100009f4       0x2c CMakeFiles/opendas_firm.dir/ADS127L11/ADS127L11.cpp.obj
                0x100009f4                ADS127L11::set_spi_context()
 .text._ZN9ADS127L1112send_receiveEPhS0_j
                0x10000a20       0x28 CMakeFiles/opendas_firm.dir/ADS127L11/ADS127L11.cpp.obj
                0x10000a20                ADS127L11::send_receive(unsigned char*, unsigned char*, unsigned int)
 .text._ZN9ADS127L118read_regENS_5reg_tE
                0x10000a48       0x4a CMakeFiles/opendas_firm.dir/ADS127L11/ADS127L11.cpp.obj
                0x10000a48                ADS127L11::read_reg(ADS127L11::reg_t)
 .text._ZN9ADS127L119write_regENS_5reg_tEh
                0x10000a92       0x24 CMakeFiles/opendas_firm.dir/ADS127L11/ADS127L11.cpp.obj
                0x10000a92                ADS127L11::write_reg(ADS127L11::reg_t, unsigned char)
 .text._ZN9ADS127L1116clear_stat_flagsEv
                0x10000ab6        0xc CMakeFiles/opendas_firm.dir/ADS127L11/ADS127L11.cpp.obj
                0x10000ab6                ADS127L11::clear_stat_flags()
 .text._ZN9ADS127L119start_covEv
                0x10000ac2        0xc CMakeFiles/opendas_firm.dir/ADS127L11/ADS127L11.cpp.obj
                0x10000ac2                ADS127L11::start_cov()
 .text._ZN9ADS127L1113set_input_muxENS_14InputMuxMode_tE
                0x10000ace        0xe CMakeFiles/opendas_firm.dir/ADS127L11/ADS127L11.cpp.obj
                0x10000ace                ADS127L11::set_input_mux(ADS127L11::InputMuxMode_t)
 .text._ZN9ADS127L1115set_config1_regENS_13config1_reg_tE
                0x10000adc       0x48 CMakeFiles/opendas_firm.dir/ADS127L11/ADS127L11.cpp.obj
                0x10000adc                ADS127L11::set_config1_reg(ADS127L11::config1_reg_t)
 .text._ZN9ADS127L1115set_config3_regENS_13config3_reg_tE
                0x10000b24       0x1c CMakeFiles/opendas_firm.dir/ADS127L11/ADS127L11.cpp.obj
                0x10000b24                ADS127L11::set_config3_reg(ADS127L11::config3_reg_t)
 .text._ZN9ADS127L1115set_config4_regENS_13config4_reg_tE
                0x10000b40       0x52 CMakeFiles/opendas_firm.dir/ADS127L11/ADS127L11.cpp.obj
                0x10000b40                ADS127L11::set_config4_reg(ADS127L11::config4_reg_t)
 .text._ZN9ADS127L1113get_conv_dataEv
                0x10000b92       0x90 CMakeFiles/opendas_firm.dir/ADS127L11/ADS127L11.cpp.obj
                0x10000b92                ADS127L11::get_conv_data()
 *fill*         0x10000c22        0x2 
 .text._GLOBAL__sub_I_currb
                0x10000c24       0x10 CMakeFiles/opendas_firm.dir/ADS127L11/ADS127L11.cpp.obj
 .text.gpio_set_function
                0x10000c34       0x30 CMakeFiles/opendas_firm.dir/C_/VSARM/PicoSDK/pico-sdk/src/rp2_common/hardware_gpio/gpio.c.obj
                0x10000c34                gpio_set_function
 .text.gpio_set_irq_callback
                0x10000c64       0x48 CMakeFiles/opendas_firm.dir/C_/VSARM/PicoSDK/pico-sdk/src/rp2_common/hardware_gpio/gpio.c.obj
                0x10000c64                gpio_set_irq_callback
 .text.gpio_acknowledge_irq
                0x10000cac       0x18 CMakeFiles/opendas_firm.dir/C_/VSARM/PicoSDK/pico-sdk/src/rp2_common/hardware_gpio/gpio.c.obj
                0x10000cac                gpio_acknowledge_irq
 .text._gpio_set_irq_enabled
                0x10000cc4       0x34 CMakeFiles/opendas_firm.dir/C_/VSARM/PicoSDK/pico-sdk/src/rp2_common/hardware_gpio/gpio.c.obj
 .text.gpio_set_irq_enabled
                0x10000cf8       0x20 CMakeFiles/opendas_firm.dir/C_/VSARM/PicoSDK/pico-sdk/src/rp2_common/hardware_gpio/gpio.c.obj
                0x10000cf8                gpio_set_irq_enabled
 .text.gpio_set_irq_enabled_with_callback
                0x10000d18       0x20 CMakeFiles/opendas_firm.dir/C_/VSARM/PicoSDK/pico-sdk/src/rp2_common/hardware_gpio/gpio.c.obj
                0x10000d18                gpio_set_irq_enabled_with_callback
 .text.gpio_default_irq_handler
                0x10000d38       0x98 CMakeFiles/opendas_firm.dir/C_/VSARM/PicoSDK/pico-sdk/src/rp2_common/hardware_gpio/gpio.c.obj
 .text.gpio_init
                0x10000dd0       0x16 CMakeFiles/opendas_firm.dir/C_/VSARM/PicoSDK/pico-sdk/src/rp2_common/hardware_gpio/gpio.c.obj
                0x10000dd0                gpio_init
 *fill*         0x10000de6        0x2 
 .text.running_on_fpga
                0x10000de8       0x14 CMakeFiles/opendas_firm.dir/C_/VSARM/PicoSDK/pico-sdk/src/rp2_common/pico_platform/platform.c.obj
                0x10000de8                running_on_fpga
 .text.hw_claim_lock
                0x10000dfc       0x18 CMakeFiles/opendas_firm.dir/C_/VSARM/PicoSDK/pico-sdk/src/rp2_common/hardware_claim/claim.c.obj
                0x10000dfc                hw_claim_lock
 .text.hw_claim_unlock
                0x10000e14       0x14 CMakeFiles/opendas_firm.dir/C_/VSARM/PicoSDK/pico-sdk/src/rp2_common/hardware_claim/claim.c.obj
                0x10000e14                hw_claim_unlock
 .text.hw_claim_or_assert
                0x10000e28       0x32 CMakeFiles/opendas_firm.dir/C_/VSARM/PicoSDK/pico-sdk/src/rp2_common/hardware_claim/claim.c.obj
                0x10000e28                hw_claim_or_assert
 .text.hw_claim_unused_from_range
                0x10000e5a       0x50 CMakeFiles/opendas_firm.dir/C_/VSARM/PicoSDK/pico-sdk/src/rp2_common/hardware_claim/claim.c.obj
                0x10000e5a                hw_claim_unused_from_range
 *fill*         0x10000eaa        0x2 
 .text.spin_locks_reset
                0x10000eac       0x20 CMakeFiles/opendas_firm.dir/C_/VSARM/PicoSDK/pico-sdk/src/rp2_common/hardware_sync/sync.c.obj
                0x10000eac                spin_locks_reset
 .text.next_striped_spin_lock_num
                0x10000ecc       0x1c CMakeFiles/opendas_firm.dir/C_/VSARM/PicoSDK/pico-sdk/src/rp2_common/hardware_sync/sync.c.obj
                0x10000ecc                next_striped_spin_lock_num
 .text.spin_lock_claim_unused
                0x10000ee8       0x24 CMakeFiles/opendas_firm.dir/C_/VSARM/PicoSDK/pico-sdk/src/rp2_common/hardware_sync/sync.c.obj
                0x10000ee8                spin_lock_claim_unused
 .text.set_raw_irq_handler_and_unlock
                0x10000f0c       0x28 CMakeFiles/opendas_firm.dir/C_/VSARM/PicoSDK/pico-sdk/src/rp2_common/hardware_irq/irq.c.obj
 .text.resolve_branch
                0x10000f34       0x30 CMakeFiles/opendas_firm.dir/C_/VSARM/PicoSDK/pico-sdk/src/rp2_common/hardware_irq/irq.c.obj
 .text.make_branch
                0x10000f64       0x48 CMakeFiles/opendas_firm.dir/C_/VSARM/PicoSDK/pico-sdk/src/rp2_common/hardware_irq/irq.c.obj
 .text.insert_branch_and_link
                0x10000fac       0x40 CMakeFiles/opendas_firm.dir/C_/VSARM/PicoSDK/pico-sdk/src/rp2_common/hardware_irq/irq.c.obj
 .text.irq_is_enabled
                0x10000fec       0x18 CMakeFiles/opendas_firm.dir/C_/VSARM/PicoSDK/pico-sdk/src/rp2_common/hardware_irq/irq.c.obj
                0x10000fec                irq_is_enabled
 .text.irq_set_mask_enabled
                0x10001004       0x20 CMakeFiles/opendas_firm.dir/C_/VSARM/PicoSDK/pico-sdk/src/rp2_common/hardware_irq/irq.c.obj
                0x10001004                irq_set_mask_enabled
 .text.irq_set_enabled
                0x10001024        0xe CMakeFiles/opendas_firm.dir/C_/VSARM/PicoSDK/pico-sdk/src/rp2_common/hardware_irq/irq.c.obj
                0x10001024                irq_set_enabled
 *fill*         0x10001032        0x2 
 .text.irq_set_pending
                0x10001034       0x10 CMakeFiles/opendas_firm.dir/C_/VSARM/PicoSDK/pico-sdk/src/rp2_common/hardware_irq/irq.c.obj
                0x10001034                irq_set_pending
 .text.irq_get_vtable_handler
                0x10001044       0x10 CMakeFiles/opendas_firm.dir/C_/VSARM/PicoSDK/pico-sdk/src/rp2_common/hardware_irq/irq.c.obj
                0x10001044                irq_get_vtable_handler
 .text.irq_has_shared_handler
                0x10001054       0x24 CMakeFiles/opendas_firm.dir/C_/VSARM/PicoSDK/pico-sdk/src/rp2_common/hardware_irq/irq.c.obj
                0x10001054                irq_has_shared_handler
 .text.irq_set_exclusive_handler
                0x10001078       0x54 CMakeFiles/opendas_firm.dir/C_/VSARM/PicoSDK/pico-sdk/src/rp2_common/hardware_irq/irq.c.obj
                0x10001078                irq_set_exclusive_handler
 .text.irq_add_shared_handler
                0x100010cc      0x210 CMakeFiles/opendas_firm.dir/C_/VSARM/PicoSDK/pico-sdk/src/rp2_common/hardware_irq/irq.c.obj
                0x100010cc                irq_add_shared_handler
 .text.irq_remove_handler
                0x100012dc      0x188 CMakeFiles/opendas_firm.dir/C_/VSARM/PicoSDK/pico-sdk/src/rp2_common/hardware_irq/irq.c.obj
                0x100012dc                irq_remove_handler
 .text.irq_add_tail_to_free_list
                0x10001464       0xf0 CMakeFiles/opendas_firm.dir/C_/VSARM/PicoSDK/pico-sdk/src/rp2_common/hardware_irq/irq.c.obj
                0x10001464                irq_add_tail_to_free_list
 .text.irq_init_priorities
                0x10001554       0x1c CMakeFiles/opendas_firm.dir/C_/VSARM/PicoSDK/pico-sdk/src/rp2_common/hardware_irq/irq.c.obj
                0x10001554                irq_init_priorities
 .text.user_irq_claim_unused
                0x10001570       0x2c CMakeFiles/opendas_firm.dir/C_/VSARM/PicoSDK/pico-sdk/src/rp2_common/hardware_irq/irq.c.obj
                0x10001570                user_irq_claim_unused
 .text.lock_init
                0x1000159c       0x10 CMakeFiles/opendas_firm.dir/C_/VSARM/PicoSDK/pico-sdk/src/common/pico_sync/lock_core.c.obj
                0x1000159c                lock_init
 .text.update_us_since_boot
                0x100015ac       0x24 CMakeFiles/opendas_firm.dir/C_/VSARM/PicoSDK/pico-sdk/src/common/pico_sync/mutex.c.obj
 .text.delayed_by_ms
                0x100015d0       0x44 CMakeFiles/opendas_firm.dir/C_/VSARM/PicoSDK/pico-sdk/src/common/pico_sync/mutex.c.obj
 .text.get_absolute_time
                0x10001614       0x22 CMakeFiles/opendas_firm.dir/C_/VSARM/PicoSDK/pico-sdk/src/common/pico_sync/mutex.c.obj
 .text.make_timeout_time_ms
                0x10001636       0x20 CMakeFiles/opendas_firm.dir/C_/VSARM/PicoSDK/pico-sdk/src/common/pico_sync/mutex.c.obj
 .text.mutex_init
                0x10001656       0x1a CMakeFiles/opendas_firm.dir/C_/VSARM/PicoSDK/pico-sdk/src/common/pico_sync/mutex.c.obj
                0x10001656                mutex_init
 .text.recursive_mutex_init
                0x10001670       0x1e CMakeFiles/opendas_firm.dir/C_/VSARM/PicoSDK/pico-sdk/src/common/pico_sync/mutex.c.obj
                0x10001670                recursive_mutex_init
 *fill*         0x1000168e        0x2 
 .text.critical_section_init_with_lock_num
                0x10001690       0x14 CMakeFiles/opendas_firm.dir/C_/VSARM/PicoSDK/pico-sdk/src/common/pico_sync/critical_section.c.obj
                0x10001690                critical_section_init_with_lock_num
 .text.critical_section_init
                0x100016a4       0x14 CMakeFiles/opendas_firm.dir/C_/VSARM/PicoSDK/pico-sdk/src/common/pico_sync/critical_section.c.obj
                0x100016a4                critical_section_init
 .text.time_reached
                0x100016b8       0x28 CMakeFiles/opendas_firm.dir/C_/VSARM/PicoSDK/pico-sdk/src/common/pico_time/time.c.obj
 .text.get_entry
                0x100016e0       0x38 CMakeFiles/opendas_firm.dir/C_/VSARM/PicoSDK/pico-sdk/src/common/pico_time/time.c.obj
 .text.timer_pool_entry_comparator
                0x10001718       0x2e CMakeFiles/opendas_firm.dir/C_/VSARM/PicoSDK/pico-sdk/src/common/pico_time/time.c.obj
                0x10001718                timer_pool_entry_comparator
 *fill*         0x10001746        0x2 
 .text.update_us_since_boot
                0x10001748       0x24 CMakeFiles/opendas_firm.dir/C_/VSARM/PicoSDK/pico-sdk/src/common/pico_time/time.c.obj
 .text.delayed_by_us
                0x1000176c       0x34 CMakeFiles/opendas_firm.dir/C_/VSARM/PicoSDK/pico-sdk/src/common/pico_time/time.c.obj
 .text.ph_get_node
                0x100017a0       0x30 CMakeFiles/opendas_firm.dir/C_/VSARM/PicoSDK/pico-sdk/src/common/pico_time/time.c.obj
 .text.ph_contains_node
                0x100017d0       0x1e CMakeFiles/opendas_firm.dir/C_/VSARM/PicoSDK/pico-sdk/src/common/pico_time/time.c.obj
 .text.ph_new_node
                0x100017ee       0x28 CMakeFiles/opendas_firm.dir/C_/VSARM/PicoSDK/pico-sdk/src/common/pico_time/time.c.obj
 *fill*         0x10001816        0x2 
 .text.ph_add_child_node
                0x10001818       0x6c CMakeFiles/opendas_firm.dir/C_/VSARM/PicoSDK/pico-sdk/src/common/pico_time/time.c.obj
 .text.ph_merge_nodes
                0x10001884       0x3e CMakeFiles/opendas_firm.dir/C_/VSARM/PicoSDK/pico-sdk/src/common/pico_time/time.c.obj
 *fill*         0x100018c2        0x2 
 .text.ph_insert_node
                0x100018c4       0x3c CMakeFiles/opendas_firm.dir/C_/VSARM/PicoSDK/pico-sdk/src/common/pico_time/time.c.obj
 .text.ph_free_node
                0x10001900       0x5c CMakeFiles/opendas_firm.dir/C_/VSARM/PicoSDK/pico-sdk/src/common/pico_time/time.c.obj
 .text.get_entry_id_high
                0x1000195c       0x30 CMakeFiles/opendas_firm.dir/C_/VSARM/PicoSDK/pico-sdk/src/common/pico_time/time.c.obj
 .text.alarm_pool_post_alloc_init
                0x1000198c       0x40 CMakeFiles/opendas_firm.dir/C_/VSARM/PicoSDK/pico-sdk/src/common/pico_time/time.c.obj
 .text.sleep_until_callback
                0x100019cc       0x30 CMakeFiles/opendas_firm.dir/C_/VSARM/PicoSDK/pico-sdk/src/common/pico_time/time.c.obj
 .text.get_absolute_time
                0x100019fc       0x22 CMakeFiles/opendas_firm.dir/C_/VSARM/PicoSDK/pico-sdk/src/common/pico_time/time.c.obj
 .text.make_timeout_time_us
                0x10001a1e       0x24 CMakeFiles/opendas_firm.dir/C_/VSARM/PicoSDK/pico-sdk/src/common/pico_time/time.c.obj
 *fill*         0x10001a42        0x2 
 .text.add_alarm_under_lock
                0x10001a44       0x94 CMakeFiles/opendas_firm.dir/C_/VSARM/PicoSDK/pico-sdk/src/common/pico_time/time.c.obj
 .text.alarm_pool_alarm_callback
                0x10001ad8      0x20c CMakeFiles/opendas_firm.dir/C_/VSARM/PicoSDK/pico-sdk/src/common/pico_time/time.c.obj
 .text.alarm_pool_init_default
                0x10001ce4       0x40 CMakeFiles/opendas_firm.dir/C_/VSARM/PicoSDK/pico-sdk/src/common/pico_time/time.c.obj
                0x10001ce4                alarm_pool_init_default
 .text.alarm_pool_get_default
                0x10001d24       0x2c CMakeFiles/opendas_firm.dir/C_/VSARM/PicoSDK/pico-sdk/src/common/pico_time/time.c.obj
                0x10001d24                alarm_pool_get_default
 .text.alarm_pool_add_alarm_at
                0x10001d50      0x10e CMakeFiles/opendas_firm.dir/C_/VSARM/PicoSDK/pico-sdk/src/common/pico_time/time.c.obj
                0x10001d50                alarm_pool_add_alarm_at
 .text.add_alarm_at
                0x10001e5e       0x2e CMakeFiles/opendas_firm.dir/C_/VSARM/PicoSDK/pico-sdk/src/common/pico_time/time.c.obj
 .text.alarm_pool_cancel_alarm
                0x10001e8c       0xa0 CMakeFiles/opendas_firm.dir/C_/VSARM/PicoSDK/pico-sdk/src/common/pico_time/time.c.obj
                0x10001e8c                alarm_pool_cancel_alarm
 .text.cancel_alarm
                0x10001f2c       0x10 CMakeFiles/opendas_firm.dir/C_/VSARM/PicoSDK/pico-sdk/src/common/pico_time/time.c.obj
 .text.alarm_pool_core_num
                0x10001f3c        0x4 CMakeFiles/opendas_firm.dir/C_/VSARM/PicoSDK/pico-sdk/src/common/pico_time/time.c.obj
                0x10001f3c                alarm_pool_core_num
 .text.sleep_until
                0x10001f40       0xb0 CMakeFiles/opendas_firm.dir/C_/VSARM/PicoSDK/pico-sdk/src/common/pico_time/time.c.obj
                0x10001f40                sleep_until
 .text.sleep_us
                0x10001ff0       0x1a CMakeFiles/opendas_firm.dir/C_/VSARM/PicoSDK/pico-sdk/src/common/pico_time/time.c.obj
                0x10001ff0                sleep_us
 .text.sleep_ms
                0x1000200a       0x14 CMakeFiles/opendas_firm.dir/C_/VSARM/PicoSDK/pico-sdk/src/common/pico_time/time.c.obj
                0x1000200a                sleep_ms
 *fill*         0x1000201e        0x2 
 .text.best_effort_wfe_or_timeout
                0x10002020       0x44 CMakeFiles/opendas_firm.dir/C_/VSARM/PicoSDK/pico-sdk/src/common/pico_time/time.c.obj
                0x10002020                best_effort_wfe_or_timeout
 .text.hardware_alarm_irq_handler
                0x10002064       0x8c CMakeFiles/opendas_firm.dir/C_/VSARM/PicoSDK/pico-sdk/src/rp2_common/hardware_timer/timer.c.obj
 .text.hardware_alarm_claim
                0x100020f0       0x18 CMakeFiles/opendas_firm.dir/C_/VSARM/PicoSDK/pico-sdk/src/rp2_common/hardware_timer/timer.c.obj
                0x100020f0                hardware_alarm_claim
 .text.time_us_64
                0x10002108       0x18 CMakeFiles/opendas_firm.dir/C_/VSARM/PicoSDK/pico-sdk/src/rp2_common/hardware_timer/timer.c.obj
                0x10002108                time_us_64
 .text.busy_wait_until
                0x10002120       0x28 CMakeFiles/opendas_firm.dir/C_/VSARM/PicoSDK/pico-sdk/src/rp2_common/hardware_timer/timer.c.obj
                0x10002120                busy_wait_until
 .text.hardware_alarm_set_callback
                0x10002148       0x90 CMakeFiles/opendas_firm.dir/C_/VSARM/PicoSDK/pico-sdk/src/rp2_common/hardware_timer/timer.c.obj
                0x10002148                hardware_alarm_set_callback
 .text.hardware_alarm_set_target
                0x100021d8       0xe8 CMakeFiles/opendas_firm.dir/C_/VSARM/PicoSDK/pico-sdk/src/rp2_common/hardware_timer/timer.c.obj
                0x100021d8                hardware_alarm_set_target
 .text.hardware_alarm_cancel
                0x100022c0       0x40 CMakeFiles/opendas_firm.dir/C_/VSARM/PicoSDK/pico-sdk/src/rp2_common/hardware_timer/timer.c.obj
                0x100022c0                hardware_alarm_cancel
 .text.ph_get_node
                0x10002300       0x30 CMakeFiles/opendas_firm.dir/C_/VSARM/PicoSDK/pico-sdk/src/common/pico_util/pheap.c.obj
 .text.ph_add_child_node
                0x10002330       0x6c CMakeFiles/opendas_firm.dir/C_/VSARM/PicoSDK/pico-sdk/src/common/pico_util/pheap.c.obj
 .text.ph_merge_nodes
                0x1000239c       0x3e CMakeFiles/opendas_firm.dir/C_/VSARM/PicoSDK/pico-sdk/src/common/pico_util/pheap.c.obj
 .text.ph_clear
                0x100023da       0x34 CMakeFiles/opendas_firm.dir/C_/VSARM/PicoSDK/pico-sdk/src/common/pico_util/pheap.c.obj
                0x100023da                ph_clear
 .text.ph_post_alloc_init
                0x1000240e        0xe CMakeFiles/opendas_firm.dir/C_/VSARM/PicoSDK/pico-sdk/src/common/pico_util/pheap.c.obj
                0x1000240e                ph_post_alloc_init
 .text.ph_merge_two_pass
                0x1000241c       0x5c CMakeFiles/opendas_firm.dir/C_/VSARM/PicoSDK/pico-sdk/src/common/pico_util/pheap.c.obj
                0x1000241c                ph_merge_two_pass
 .text.ph_remove_any_head
                0x10002478       0xc0 CMakeFiles/opendas_firm.dir/C_/VSARM/PicoSDK/pico-sdk/src/common/pico_util/pheap.c.obj
 .text.ph_remove_head
                0x10002538       0x14 CMakeFiles/opendas_firm.dir/C_/VSARM/PicoSDK/pico-sdk/src/common/pico_util/pheap.c.obj
                0x10002538                ph_remove_head
 .text.ph_remove_and_free_node
                0x1000254c       0xa0 CMakeFiles/opendas_firm.dir/C_/VSARM/PicoSDK/pico-sdk/src/common/pico_util/pheap.c.obj
                0x1000254c                ph_remove_and_free_node
 .text.clock_configure
                0x100025ec      0x104 CMakeFiles/opendas_firm.dir/C_/VSARM/PicoSDK/pico-sdk/src/rp2_common/hardware_clocks/clocks.c.obj
                0x100025ec                clock_configure
 .text.clocks_init
                0x100026f0      0x100 CMakeFiles/opendas_firm.dir/C_/VSARM/PicoSDK/pico-sdk/src/rp2_common/hardware_clocks/clocks.c.obj
                0x100026f0                clocks_init
 .text.clock_get_hz
                0x100027f0        0xc CMakeFiles/opendas_firm.dir/C_/VSARM/PicoSDK/pico-sdk/src/rp2_common/hardware_clocks/clocks.c.obj
                0x100027f0                clock_get_hz
 .text.pll_init
                0x100027fc      0x12c CMakeFiles/opendas_firm.dir/C_/VSARM/PicoSDK/pico-sdk/src/rp2_common/hardware_pll/pll.c.obj
                0x100027fc                pll_init
 .text.watchdog_start_tick
                0x10002928       0x10 CMakeFiles/opendas_firm.dir/C_/VSARM/PicoSDK/pico-sdk/src/rp2_common/hardware_watchdog/watchdog.c.obj
                0x10002928                watchdog_start_tick
 .text.watchdog_update
                0x10002938       0x14 CMakeFiles/opendas_firm.dir/C_/VSARM/PicoSDK/pico-sdk/src/rp2_common/hardware_watchdog/watchdog.c.obj
                0x10002938                watchdog_update
 .text._watchdog_enable
                0x1000294c       0x78 CMakeFiles/opendas_firm.dir/C_/VSARM/PicoSDK/pico-sdk/src/rp2_common/hardware_watchdog/watchdog.c.obj
                0x1000294c                _watchdog_enable
 .text.watchdog_reboot
                0x100029c4       0x48 CMakeFiles/opendas_firm.dir/C_/VSARM/PicoSDK/pico-sdk/src/rp2_common/hardware_watchdog/watchdog.c.obj
                0x100029c4                watchdog_reboot
 .text.xosc_init
                0x10002a0c       0x28 CMakeFiles/opendas_firm.dir/C_/VSARM/PicoSDK/pico-sdk/src/rp2_common/hardware_xosc/xosc.c.obj
                0x10002a0c                xosc_init
 .text._exit    0x10002a34        0x4 CMakeFiles/opendas_firm.dir/C_/VSARM/PicoSDK/pico-sdk/src/rp2_common/pico_runtime/runtime.c.obj
                0x10002a34                _exit
 .text.exit     0x10002a38        0x6 CMakeFiles/opendas_firm.dir/C_/VSARM/PicoSDK/pico-sdk/src/rp2_common/pico_runtime/runtime.c.obj
                0x10002a38                exit
 *fill*         0x10002a3e        0x2 
 .text.__assert_func
                0x10002a40       0x38 CMakeFiles/opendas_firm.dir/C_/VSARM/PicoSDK/pico-sdk/src/rp2_common/pico_runtime/runtime.c.obj
                0x10002a40                __assert_func
 .text.runtime_init
                0x10002a78       0xf8 CMakeFiles/opendas_firm.dir/C_/VSARM/PicoSDK/pico-sdk/src/rp2_common/pico_runtime/runtime.c.obj
                0x10002a78                runtime_init
 .text.panic    0x10002b70       0x30 CMakeFiles/opendas_firm.dir/C_/VSARM/PicoSDK/pico-sdk/src/rp2_common/pico_runtime/runtime.c.obj
                0x10002b70                panic
 .text._out_null
                0x10002ba0        0x2 CMakeFiles/opendas_firm.dir/C_/VSARM/PicoSDK/pico-sdk/src/rp2_common/pico_printf/printf.c.obj
 .text._out_fct
                0x10002ba2        0xe CMakeFiles/opendas_firm.dir/C_/VSARM/PicoSDK/pico-sdk/src/rp2_common/pico_printf/printf.c.obj
 .text._atoi    0x10002bb0       0x24 CMakeFiles/opendas_firm.dir/C_/VSARM/PicoSDK/pico-sdk/src/rp2_common/pico_printf/printf.c.obj
 .text._out_rev
                0x10002bd4       0xae CMakeFiles/opendas_firm.dir/C_/VSARM/PicoSDK/pico-sdk/src/rp2_common/pico_printf/printf.c.obj
 .text._ntoa_format
                0x10002c82      0x110 CMakeFiles/opendas_firm.dir/C_/VSARM/PicoSDK/pico-sdk/src/rp2_common/pico_printf/printf.c.obj
 .text._ntoa_long
                0x10002d92       0xbc CMakeFiles/opendas_firm.dir/C_/VSARM/PicoSDK/pico-sdk/src/rp2_common/pico_printf/printf.c.obj
 .text._ntoa_long_long
                0x10002e4e      0x10e CMakeFiles/opendas_firm.dir/C_/VSARM/PicoSDK/pico-sdk/src/rp2_common/pico_printf/printf.c.obj
 .text._etoa    0x10002f5c      0x420 CMakeFiles/opendas_firm.dir/C_/VSARM/PicoSDK/pico-sdk/src/rp2_common/pico_printf/printf.c.obj
 .text._ftoa    0x1000337c      0x354 CMakeFiles/opendas_firm.dir/C_/VSARM/PicoSDK/pico-sdk/src/rp2_common/pico_printf/printf.c.obj
 .text._vsnprintf
                0x100036d0      0x65c CMakeFiles/opendas_firm.dir/C_/VSARM/PicoSDK/pico-sdk/src/rp2_common/pico_printf/printf.c.obj
 .text.vfctprintf
                0x10003d2c       0x20 CMakeFiles/opendas_firm.dir/C_/VSARM/PicoSDK/pico-sdk/src/rp2_common/pico_printf/printf.c.obj
                0x10003d2c                vfctprintf
 .text          0x10003d4c       0x10 CMakeFiles/opendas_firm.dir/C_/VSARM/PicoSDK/pico-sdk/src/rp2_common/pico_bit_ops/bit_ops_aeabi.S.obj
 .text.rom_func_lookup
                0x10003d5c       0x10 CMakeFiles/opendas_firm.dir/C_/VSARM/PicoSDK/pico-sdk/src/rp2_common/pico_bootrom/bootrom.c.obj
                0x10003d5c                rom_func_lookup
 .text.rom_data_lookup
                0x10003d6c       0x10 CMakeFiles/opendas_firm.dir/C_/VSARM/PicoSDK/pico-sdk/src/rp2_common/pico_bootrom/bootrom.c.obj
                0x10003d6c                rom_data_lookup
 .text.rom_funcs_lookup
                0x10003d7c       0x36 CMakeFiles/opendas_firm.dir/C_/VSARM/PicoSDK/pico-sdk/src/rp2_common/pico_bootrom/bootrom.c.obj
                0x10003d7c                rom_funcs_lookup
 *fill*         0x10003db2        0x2 
 .text.__wrap___aeabi_idiv
                0x10003db4       0x50 CMakeFiles/opendas_firm.dir/C_/VSARM/PicoSDK/pico-sdk/src/rp2_common/pico_divider/divider.S.obj
                0x10003db4                __wrap___aeabi_idivmod
                0x10003db4                divmod_s32s32
                0x10003db4                div_s32s32
                0x10003db4                __wrap___aeabi_idiv
                0x10003dbc                divmod_s32s32_unsafe
                0x10003de8                divmod_s32s32_savestate
 .text.__wrap___aeabi_uidiv
                0x10003e04       0x4c CMakeFiles/opendas_firm.dir/C_/VSARM/PicoSDK/pico-sdk/src/rp2_common/pico_divider/divider.S.obj
                0x10003e04                __wrap___aeabi_uidiv
                0x10003e04                __wrap___aeabi_uidivmod
                0x10003e04                div_u32u32
                0x10003e04                divmod_u32u32
                0x10003e0c                divmod_u32u32_unsafe
                0x10003e34                divmod_u32u32_savestate
 .text.__wrap___aeabi_ldiv
                0x10003e50      0x424 CMakeFiles/opendas_firm.dir/C_/VSARM/PicoSDK/pico-sdk/src/rp2_common/pico_divider/divider.S.obj
                0x10003e50                div_s64s64
                0x10003e50                divmod_s64s64
                0x10003e50                __wrap___aeabi_ldivmod
                0x10003e80                divmod_u64u64
                0x10003e80                div_u64u64
                0x10003e80                __wrap___aeabi_uldivmod
                0x10003e90                divmod_u64u64_savestate
                0x10003eb0                divmod_s64s64_unsafe
                0x10003f38                divmod_u64u64_unsafe
 .text.__wrap___aeabi_darithmetic
                0x10004274       0x80 CMakeFiles/opendas_firm.dir/C_/VSARM/PicoSDK/pico-sdk/src/rp2_common/pico_double/double_aeabi.S.obj
                0x10004274                __wrap___aeabi_drsub
                0x1000427a                __wrap___aeabi_dsub
                0x1000428c                __wrap___aeabi_dadd
                0x1000429e                __wrap___aeabi_ddiv
                0x100042da                __wrap___aeabi_dmul
 .text.__wrap___aeabi_cdcmple
                0x100042f4       0x6c CMakeFiles/opendas_firm.dir/C_/VSARM/PicoSDK/pico-sdk/src/rp2_common/pico_double/double_aeabi.S.obj
                0x100042f4                __wrap___aeabi_cdrcmple
                0x10004304                __wrap___aeabi_cdcmpeq
                0x10004304                __wrap___aeabi_cdcmple
 .text.__wrap___aeabi_dcmplt
                0x10004360        0xc CMakeFiles/opendas_firm.dir/C_/VSARM/PicoSDK/pico-sdk/src/rp2_common/pico_double/double_aeabi.S.obj
                0x10004360                __wrap___aeabi_dcmplt
 .text.__wrap___aeabi_dcmple
                0x1000436c       0x10 CMakeFiles/opendas_firm.dir/C_/VSARM/PicoSDK/pico-sdk/src/rp2_common/pico_double/double_aeabi.S.obj
                0x1000436c                __wrap___aeabi_dcmple
 .text.__wrap___aeabi_dcmpge
                0x1000437c       0x10 CMakeFiles/opendas_firm.dir/C_/VSARM/PicoSDK/pico-sdk/src/rp2_common/pico_double/double_aeabi.S.obj
                0x1000437c                __wrap___aeabi_dcmpge
 .text.__wrap___aeabi_dcmpgt
                0x1000438c        0xa CMakeFiles/opendas_firm.dir/C_/VSARM/PicoSDK/pico-sdk/src/rp2_common/pico_double/double_aeabi.S.obj
                0x1000438c                __wrap___aeabi_dcmpgt
 .text.__wrap___aeabi_dcmpun
                0x10004396       0x1c CMakeFiles/opendas_firm.dir/C_/VSARM/PicoSDK/pico-sdk/src/rp2_common/pico_double/double_aeabi.S.obj
                0x10004396                __wrap___aeabi_dcmpun
 *fill*         0x100043b2        0x2 
 .text.__wrap___aeabi_i2d
                0x100043b4       0x38 CMakeFiles/opendas_firm.dir/C_/VSARM/PicoSDK/pico-sdk/src/rp2_common/pico_double/double_aeabi.S.obj
                0x100043b4                __wrap___aeabi_ui2d
                0x100043bc                __wrap___aeabi_i2d
 .text.__wrap___aeabi_d2iz
                0x100043ec       0x48 CMakeFiles/opendas_firm.dir/C_/VSARM/PicoSDK/pico-sdk/src/rp2_common/pico_double/double_aeabi.S.obj
                0x100043ec                double2int_z
                0x100043ec                __wrap___aeabi_d2iz
 .text.__wrap___aeabi_d2uiz
                0x10004434       0x18 CMakeFiles/opendas_firm.dir/C_/VSARM/PicoSDK/pico-sdk/src/rp2_common/pico_double/double_aeabi.S.obj
                0x10004434                __wrap___aeabi_d2uiz
                0x10004434                double2uint
 .text.__aeabi_double_init
                0x1000444c       0xcc CMakeFiles/opendas_firm.dir/C_/VSARM/PicoSDK/pico-sdk/src/rp2_common/pico_double/double_init_rom.c.obj
                0x1000444c                __aeabi_double_init
 .text.double_table_shim_on_use_helper
                0x10004518       0x34 CMakeFiles/opendas_firm.dir/C_/VSARM/PicoSDK/pico-sdk/src/rp2_common/pico_double/double_v1_rom_shim.S.obj
                0x10004518                double_table_shim_on_use_helper
 .text.__wrap___aeabi_dsub
                0x1000454c       0x10 CMakeFiles/opendas_firm.dir/C_/VSARM/PicoSDK/pico-sdk/src/rp2_common/pico_double/double_v1_rom_shim.S.obj
                0x1000454c                drsub_shim
                0x10004552                dsub_shim
 .text.dadd_shim
                0x1000455c      0x15c CMakeFiles/opendas_firm.dir/C_/VSARM/PicoSDK/pico-sdk/src/rp2_common/pico_double/double_v1_rom_shim.S.obj
                0x1000455c                dadd_shim
 .text.dmul_shim
                0x100046b8      0x15c CMakeFiles/opendas_firm.dir/C_/VSARM/PicoSDK/pico-sdk/src/rp2_common/pico_double/double_v1_rom_shim.S.obj
                0x100046b8                dmul_shim
 .text.ddiv_shim
                0x10004814      0x1b0 CMakeFiles/opendas_firm.dir/C_/VSARM/PicoSDK/pico-sdk/src/rp2_common/pico_double/double_v1_rom_shim.S.obj
                0x10004814                ddiv_shim
 .text.double2uint_shim
                0x100049c4        0xe CMakeFiles/opendas_firm.dir/C_/VSARM/PicoSDK/pico-sdk/src/rp2_common/pico_double/double_v1_rom_shim.S.obj
                0x100049c4                double2uint_shim
                0x100049c6                double2ufix_shim
 *fill*         0x100049d2        0x2 
 .text.double2uint64_shim
                0x100049d4       0x70 CMakeFiles/opendas_firm.dir/C_/VSARM/PicoSDK/pico-sdk/src/rp2_common/pico_double/double_v1_rom_shim.S.obj
                0x100049d4                double2uint64_shim
                0x100049d6                double2ufix64_shim
                0x100049f6                d2fix_a
 .text.dunpacks
                0x10004a44       0x3c CMakeFiles/opendas_firm.dir/C_/VSARM/PicoSDK/pico-sdk/src/rp2_common/pico_double/double_v1_rom_shim.S.obj
                0x10004a44                dunpacks
 .text.__aeabi_lmul
                0x10004a80       0x32 CMakeFiles/opendas_firm.dir/C_/VSARM/PicoSDK/pico-sdk/src/rp2_common/pico_int64_ops/pico_int64_ops_aeabi.S.obj
                0x10004a80                __wrap___aeabi_lmul
 *fill*         0x10004ab2        0x2 
 .text.__wrap___aeabi_farithmetic
                0x10004ab4       0x58 CMakeFiles/opendas_firm.dir/C_/VSARM/PicoSDK/pico-sdk/src/rp2_common/pico_float/float_aeabi.S.obj
                0x10004ab4                __wrap___aeabi_frsub
                0x10004aba                __wrap___aeabi_fsub
                0x10004ac4                __wrap___aeabi_fadd
                0x10004ace                __wrap___aeabi_fdiv
                0x10004afa                __wrap___aeabi_fmul
 .text.__wrap___aeabi_i2f
                0x10004b0c       0x44 CMakeFiles/opendas_firm.dir/C_/VSARM/PicoSDK/pico-sdk/src/rp2_common/pico_float/float_aeabi.S.obj
                0x10004b0c                __wrap___aeabi_i2f
 .text.__wrap___aeabi_f2d
                0x10004b50       0x14 CMakeFiles/opendas_firm.dir/C_/VSARM/PicoSDK/pico-sdk/src/rp2_common/pico_float/float_aeabi.S.obj
                0x10004b50                __wrap___aeabi_f2d
 .text.__aeabi_float_init
                0x10004b64       0xfc CMakeFiles/opendas_firm.dir/C_/VSARM/PicoSDK/pico-sdk/src/rp2_common/pico_float/float_init_rom.c.obj
                0x10004b64                __aeabi_float_init
 .text.float_table_shim_on_use_helper
                0x10004c60       0x34 CMakeFiles/opendas_firm.dir/C_/VSARM/PicoSDK/pico-sdk/src/rp2_common/pico_float/float_v1_rom_shim.S.obj
                0x10004c60                float_table_shim_on_use_helper
 .text.float2double_shim
                0x10004c94       0x30 CMakeFiles/opendas_firm.dir/C_/VSARM/PicoSDK/pico-sdk/src/rp2_common/pico_float/float_v1_rom_shim.S.obj
                0x10004c94                float2double_shim
 .text          0x10004cc4       0x10 CMakeFiles/opendas_firm.dir/C_/VSARM/PicoSDK/pico-sdk/src/rp2_common/pico_mem_ops/mem_ops_aeabi.S.obj
                0x10004cc4                __aeabi_mem_init
 .text.memset   0x10004cd4        0xc CMakeFiles/opendas_firm.dir/C_/VSARM/PicoSDK/pico-sdk/src/rp2_common/pico_mem_ops/mem_ops_aeabi.S.obj
                0x10004cd4                __wrap_memset
 .text.memcpy   0x10004ce0        0xc CMakeFiles/opendas_firm.dir/C_/VSARM/PicoSDK/pico-sdk/src/rp2_common/pico_mem_ops/mem_ops_aeabi.S.obj
                0x10004ce0                __wrap_memcpy
                0x10004ce0                __wrap___aeabi_memcpy
 .text.stdio_out_chars_no_crlf
                0x10004cec        0xe CMakeFiles/opendas_firm.dir/C_/VSARM/PicoSDK/pico-sdk/src/rp2_common/pico_stdio/stdio.c.obj
 *fill*         0x10004cfa        0x2 
 .text.stdio_out_chars_crlf
                0x10004cfc       0x80 CMakeFiles/opendas_firm.dir/C_/VSARM/PicoSDK/pico-sdk/src/rp2_common/pico_stdio/stdio.c.obj
 .text.stdio_stack_buffer_flush
                0x10004d7c       0x44 CMakeFiles/opendas_firm.dir/C_/VSARM/PicoSDK/pico-sdk/src/rp2_common/pico_stdio/stdio.c.obj
 .text.stdio_buffered_printer
                0x10004dc0       0x20 CMakeFiles/opendas_firm.dir/C_/VSARM/PicoSDK/pico-sdk/src/rp2_common/pico_stdio/stdio.c.obj
 .text.update_us_since_boot
                0x10004de0       0x24 CMakeFiles/opendas_firm.dir/C_/VSARM/PicoSDK/pico-sdk/src/rp2_common/pico_stdio/stdio.c.obj
 .text.get_absolute_time
                0x10004e04       0x22 CMakeFiles/opendas_firm.dir/C_/VSARM/PicoSDK/pico-sdk/src/rp2_common/pico_stdio/stdio.c.obj
 *fill*         0x10004e26        0x2 
 .text.delayed_by_ms
                0x10004e28       0x44 CMakeFiles/opendas_firm.dir/C_/VSARM/PicoSDK/pico-sdk/src/rp2_common/pico_stdio/stdio.c.obj
 .text.make_timeout_time_ms
                0x10004e6c       0x20 CMakeFiles/opendas_firm.dir/C_/VSARM/PicoSDK/pico-sdk/src/rp2_common/pico_stdio/stdio.c.obj
 .text.stdout_serialize_begin
                0x10004e8c       0x20 CMakeFiles/opendas_firm.dir/C_/VSARM/PicoSDK/pico-sdk/src/rp2_common/pico_stdio/stdio.c.obj
                0x10004e8c                stdout_serialize_begin
 .text.stdout_serialize_end
                0x10004eac       0x10 CMakeFiles/opendas_firm.dir/C_/VSARM/PicoSDK/pico-sdk/src/rp2_common/pico_stdio/stdio.c.obj
                0x10004eac                stdout_serialize_end
 .text.stdio_put_string
                0x10004ebc       0x98 CMakeFiles/opendas_firm.dir/C_/VSARM/PicoSDK/pico-sdk/src/rp2_common/pico_stdio/stdio.c.obj
 .text.stdio_set_driver_enabled
                0x10004f54       0x2c CMakeFiles/opendas_firm.dir/C_/VSARM/PicoSDK/pico-sdk/src/rp2_common/pico_stdio/stdio.c.obj
                0x10004f54                stdio_set_driver_enabled
 .text.stdio_flush
                0x10004f80       0x20 CMakeFiles/opendas_firm.dir/C_/VSARM/PicoSDK/pico-sdk/src/rp2_common/pico_stdio/stdio.c.obj
                0x10004f80                stdio_flush
 .text.__wrap_puts
                0x10004fa0       0x1e CMakeFiles/opendas_firm.dir/C_/VSARM/PicoSDK/pico-sdk/src/rp2_common/pico_stdio/stdio.c.obj
                0x10004fa0                __wrap_puts
 *fill*         0x10004fbe        0x2 
 .text.__wrap_vprintf
                0x10004fc0       0x40 CMakeFiles/opendas_firm.dir/C_/VSARM/PicoSDK/pico-sdk/src/rp2_common/pico_stdio/stdio.c.obj
                0x10004fc0                __wrap_vprintf
 .text.__wrap_printf
                0x10005000       0x18 CMakeFiles/opendas_firm.dir/C_/VSARM/PicoSDK/pico-sdk/src/rp2_common/pico_stdio/stdio.c.obj
                0x10005000                __wrap_printf
 .text.stdio_init_all
                0x10005018        0x8 CMakeFiles/opendas_firm.dir/C_/VSARM/PicoSDK/pico-sdk/src/rp2_common/pico_stdio/stdio.c.obj
                0x10005018                stdio_init_all
 .text.resetd_init
                0x10005020        0x2 CMakeFiles/opendas_firm.dir/C_/VSARM/PicoSDK/pico-sdk/src/rp2_common/pico_stdio_usb/reset_interface.c.obj
 *fill*         0x10005022        0x2 
 .text.resetd_reset
                0x10005024        0xc CMakeFiles/opendas_firm.dir/C_/VSARM/PicoSDK/pico-sdk/src/rp2_common/pico_stdio_usb/reset_interface.c.obj
 .text.resetd_open
                0x10005030       0x34 CMakeFiles/opendas_firm.dir/C_/VSARM/PicoSDK/pico-sdk/src/rp2_common/pico_stdio_usb/reset_interface.c.obj
 .text.resetd_xfer_cb
                0x10005064        0x4 CMakeFiles/opendas_firm.dir/C_/VSARM/PicoSDK/pico-sdk/src/rp2_common/pico_stdio_usb/reset_interface.c.obj
 .text.reset_usb_boot
                0x10005068       0x18 CMakeFiles/opendas_firm.dir/C_/VSARM/PicoSDK/pico-sdk/src/rp2_common/pico_stdio_usb/reset_interface.c.obj
 .text.resetd_control_xfer_cb
                0x10005080       0x5c CMakeFiles/opendas_firm.dir/C_/VSARM/PicoSDK/pico-sdk/src/rp2_common/pico_stdio_usb/reset_interface.c.obj
 .text.usbd_app_driver_get_cb
                0x100050dc        0xc CMakeFiles/opendas_firm.dir/C_/VSARM/PicoSDK/pico-sdk/src/rp2_common/pico_stdio_usb/reset_interface.c.obj
                0x100050dc                usbd_app_driver_get_cb
 .text.tud_cdc_line_coding_cb
                0x100050e8       0x28 CMakeFiles/opendas_firm.dir/C_/VSARM/PicoSDK/pico-sdk/src/rp2_common/pico_stdio_usb/reset_interface.c.obj
                0x100050e8                tud_cdc_line_coding_cb
 .text.stdio_usb_set_chars_available_callback
                0x10005110       0x14 CMakeFiles/opendas_firm.dir/C_/VSARM/PicoSDK/pico-sdk/src/rp2_common/pico_stdio_usb/stdio_usb.c.obj
                0x10005110                stdio_usb_set_chars_available_callback
 .text.update_us_since_boot
                0x10005124       0x24 CMakeFiles/opendas_firm.dir/C_/VSARM/PicoSDK/pico-sdk/src/rp2_common/pico_stdio_usb/stdio_usb.c.obj
 .text.get_absolute_time
                0x10005148       0x22 CMakeFiles/opendas_firm.dir/C_/VSARM/PicoSDK/pico-sdk/src/rp2_common/pico_stdio_usb/stdio_usb.c.obj
 *fill*         0x1000516a        0x2 
 .text.delayed_by_ms
                0x1000516c       0x44 CMakeFiles/opendas_firm.dir/C_/VSARM/PicoSDK/pico-sdk/src/rp2_common/pico_stdio_usb/stdio_usb.c.obj
 .text.make_timeout_time_ms
                0x100051b0       0x20 CMakeFiles/opendas_firm.dir/C_/VSARM/PicoSDK/pico-sdk/src/rp2_common/pico_stdio_usb/stdio_usb.c.obj
 .text.delayed_by_us
                0x100051d0       0x34 CMakeFiles/opendas_firm.dir/C_/VSARM/PicoSDK/pico-sdk/src/rp2_common/pico_stdio_usb/stdio_usb.c.obj
 .text.usb_irq  0x10005204       0x10 CMakeFiles/opendas_firm.dir/C_/VSARM/PicoSDK/pico-sdk/src/rp2_common/pico_stdio_usb/stdio_usb.c.obj
 .text.timer_task
                0x10005214       0x58 CMakeFiles/opendas_firm.dir/C_/VSARM/PicoSDK/pico-sdk/src/rp2_common/pico_stdio_usb/stdio_usb.c.obj
 .text.alarm_pool_add_alarm_in_us
                0x1000526c       0x3a CMakeFiles/opendas_firm.dir/C_/VSARM/PicoSDK/pico-sdk/src/rp2_common/pico_stdio_usb/stdio_usb.c.obj
 .text.add_alarm_in_us
                0x100052a6       0x2e CMakeFiles/opendas_firm.dir/C_/VSARM/PicoSDK/pico-sdk/src/rp2_common/pico_stdio_usb/stdio_usb.c.obj
 .text.low_priority_worker_irq
                0x100052d4       0x84 CMakeFiles/opendas_firm.dir/C_/VSARM/PicoSDK/pico-sdk/src/rp2_common/pico_stdio_usb/stdio_usb.c.obj
 .text.tud_cdc_rx_cb
                0x10005358       0x20 CMakeFiles/opendas_firm.dir/C_/VSARM/PicoSDK/pico-sdk/src/rp2_common/pico_stdio_usb/stdio_usb.c.obj
                0x10005358                tud_cdc_rx_cb
 .text.stdio_usb_init
                0x10005378       0xdc CMakeFiles/opendas_firm.dir/C_/VSARM/PicoSDK/pico-sdk/src/rp2_common/pico_stdio_usb/stdio_usb.c.obj
                0x10005378                stdio_usb_init
 .text.stdio_usb_connected
                0x10005454        0xa CMakeFiles/opendas_firm.dir/C_/VSARM/PicoSDK/pico-sdk/src/rp2_common/pico_stdio_usb/stdio_usb.c.obj
                0x10005454                stdio_usb_connected
 *fill*         0x1000545e        0x2 
 .text.stdio_usb_in_chars
                0x10005460       0x88 CMakeFiles/opendas_firm.dir/C_/VSARM/PicoSDK/pico-sdk/src/rp2_common/pico_stdio_usb/stdio_usb.c.obj
                0x10005460                stdio_usb_in_chars
 .text.stdio_usb_out_chars
                0x100054e8       0xd8 CMakeFiles/opendas_firm.dir/C_/VSARM/PicoSDK/pico-sdk/src/rp2_common/pico_stdio_usb/stdio_usb.c.obj
 .text.tud_descriptor_device_cb
                0x100055c0        0x8 CMakeFiles/opendas_firm.dir/C_/VSARM/PicoSDK/pico-sdk/src/rp2_common/pico_stdio_usb/stdio_usb_descriptors.c.obj
                0x100055c0                tud_descriptor_device_cb
 .text.tud_descriptor_configuration_cb
                0x100055c8        0x8 CMakeFiles/opendas_firm.dir/C_/VSARM/PicoSDK/pico-sdk/src/rp2_common/pico_stdio_usb/stdio_usb_descriptors.c.obj
                0x100055c8                tud_descriptor_configuration_cb
 .text.tud_descriptor_string_cb
                0x100055d0       0x6c CMakeFiles/opendas_firm.dir/C_/VSARM/PicoSDK/pico-sdk/src/rp2_common/pico_stdio_usb/stdio_usb_descriptors.c.obj
                0x100055d0                tud_descriptor_string_cb
 .text._retrieve_unique_id_on_boot
                0x1000563c       0x10 CMakeFiles/opendas_firm.dir/C_/VSARM/PicoSDK/pico-sdk/src/rp2_common/pico_unique_id/unique_id.c.obj
 .text.pico_get_unique_board_id_string
                0x1000564c       0x5c CMakeFiles/opendas_firm.dir/C_/VSARM/PicoSDK/pico-sdk/src/rp2_common/pico_unique_id/unique_id.c.obj
                0x1000564c                pico_get_unique_board_id_string
 .text.flash_get_unique_id
                0x100056a8       0x46 CMakeFiles/opendas_firm.dir/C_/VSARM/PicoSDK/pico-sdk/src/rp2_common/hardware_flash/flash.c.obj
                0x100056a8                flash_get_unique_id
 *fill*         0x100056ee        0x2 
 .text.hw_endpoint_get_by_addr
                0x100056f0       0x18 CMakeFiles/opendas_firm.dir/C_/VSARM/PicoSDK/pico-sdk/lib/tinyusb/src/portable/raspberrypi/rp2040/dcd_rp2040.c.obj
 .text._hw_endpoint_alloc
                0x10005708       0x70 CMakeFiles/opendas_firm.dir/C_/VSARM/PicoSDK/pico-sdk/lib/tinyusb/src/portable/raspberrypi/rp2040/dcd_rp2040.c.obj
 .text.hw_endpoint_init
                0x10005778       0x88 CMakeFiles/opendas_firm.dir/C_/VSARM/PicoSDK/pico-sdk/lib/tinyusb/src/portable/raspberrypi/rp2040/dcd_rp2040.c.obj
 .text.dcd_event_sof
                0x10005800       0x2c CMakeFiles/opendas_firm.dir/C_/VSARM/PicoSDK/pico-sdk/lib/tinyusb/src/portable/raspberrypi/rp2040/dcd_rp2040.c.obj
 .text.hw_endpoint_xfer
                0x1000582c       0x14 CMakeFiles/opendas_firm.dir/C_/VSARM/PicoSDK/pico-sdk/lib/tinyusb/src/portable/raspberrypi/rp2040/dcd_rp2040.c.obj
 .text.dcd_int_enable
                0x10005840       0x2c CMakeFiles/opendas_firm.dir/C_/VSARM/PicoSDK/pico-sdk/lib/tinyusb/src/portable/raspberrypi/rp2040/dcd_rp2040.c.obj
                0x10005840                dcd_int_enable
 .text.dcd_set_address
                0x1000586c       0x2c CMakeFiles/opendas_firm.dir/C_/VSARM/PicoSDK/pico-sdk/lib/tinyusb/src/portable/raspberrypi/rp2040/dcd_rp2040.c.obj
                0x1000586c                dcd_set_address
 .text.dcd_connect
                0x10005898       0x10 CMakeFiles/opendas_firm.dir/C_/VSARM/PicoSDK/pico-sdk/lib/tinyusb/src/portable/raspberrypi/rp2040/dcd_rp2040.c.obj
                0x10005898                dcd_connect
 .text.dcd_init
                0x100058a8       0x80 CMakeFiles/opendas_firm.dir/C_/VSARM/PicoSDK/pico-sdk/lib/tinyusb/src/portable/raspberrypi/rp2040/dcd_rp2040.c.obj
                0x100058a8                dcd_init
 .text.dcd_edpt0_status_complete
                0x10005928       0x1c CMakeFiles/opendas_firm.dir/C_/VSARM/PicoSDK/pico-sdk/lib/tinyusb/src/portable/raspberrypi/rp2040/dcd_rp2040.c.obj
                0x10005928                dcd_edpt0_status_complete
 .text.dcd_edpt_open
                0x10005944       0x40 CMakeFiles/opendas_firm.dir/C_/VSARM/PicoSDK/pico-sdk/lib/tinyusb/src/portable/raspberrypi/rp2040/dcd_rp2040.c.obj
                0x10005944                dcd_edpt_open
 .text.dcd_edpt_close_all
                0x10005984        0x8 CMakeFiles/opendas_firm.dir/C_/VSARM/PicoSDK/pico-sdk/lib/tinyusb/src/portable/raspberrypi/rp2040/dcd_rp2040.c.obj
                0x10005984                dcd_edpt_close_all
 .text.dcd_edpt_xfer
                0x1000598c       0x34 CMakeFiles/opendas_firm.dir/C_/VSARM/PicoSDK/pico-sdk/lib/tinyusb/src/portable/raspberrypi/rp2040/dcd_rp2040.c.obj
                0x1000598c                dcd_edpt_xfer
 .text.dcd_edpt_stall
                0x100059c0       0x2c CMakeFiles/opendas_firm.dir/C_/VSARM/PicoSDK/pico-sdk/lib/tinyusb/src/portable/raspberrypi/rp2040/dcd_rp2040.c.obj
                0x100059c0                dcd_edpt_stall
 .text.dcd_edpt_clear_stall
                0x100059ec       0x20 CMakeFiles/opendas_firm.dir/C_/VSARM/PicoSDK/pico-sdk/lib/tinyusb/src/portable/raspberrypi/rp2040/dcd_rp2040.c.obj
                0x100059ec                dcd_edpt_clear_stall
 .text.rp2040_usb_init
                0x10005a0c       0x4c CMakeFiles/opendas_firm.dir/C_/VSARM/PicoSDK/pico-sdk/lib/tinyusb/src/portable/raspberrypi/rp2040/rp2040_usb.c.obj
                0x10005a0c                rp2040_usb_init
 .text.hw_endpoint_xfer_start
                0x10005a58       0x50 CMakeFiles/opendas_firm.dir/C_/VSARM/PicoSDK/pico-sdk/lib/tinyusb/src/portable/raspberrypi/rp2040/rp2040_usb.c.obj
                0x10005a58                hw_endpoint_xfer_start
 .text.configuration_reset
                0x10005aa8       0x84 CMakeFiles/opendas_firm.dir/C_/VSARM/PicoSDK/pico-sdk/lib/tinyusb/src/device/usbd.c.obj
 .text.usbd_reset
                0x10005b2c        0xc CMakeFiles/opendas_firm.dir/C_/VSARM/PicoSDK/pico-sdk/lib/tinyusb/src/device/usbd.c.obj
 .text.invoke_class_control
                0x10005b38       0x1a CMakeFiles/opendas_firm.dir/C_/VSARM/PicoSDK/pico-sdk/lib/tinyusb/src/device/usbd.c.obj
 *fill*         0x10005b52        0x2 
 .text.process_set_config
                0x10005b54      0x178 CMakeFiles/opendas_firm.dir/C_/VSARM/PicoSDK/pico-sdk/lib/tinyusb/src/device/usbd.c.obj
 .text.process_get_descriptor
                0x10005ccc       0xdc CMakeFiles/opendas_firm.dir/C_/VSARM/PicoSDK/pico-sdk/lib/tinyusb/src/device/usbd.c.obj
 .text.tud_mounted
                0x10005da8       0x10 CMakeFiles/opendas_firm.dir/C_/VSARM/PicoSDK/pico-sdk/lib/tinyusb/src/device/usbd.c.obj
                0x10005da8                tud_mounted
 .text.tud_suspended
                0x10005db8       0x10 CMakeFiles/opendas_firm.dir/C_/VSARM/PicoSDK/pico-sdk/lib/tinyusb/src/device/usbd.c.obj
                0x10005db8                tud_suspended
 .text.tud_inited
                0x10005dc8       0x14 CMakeFiles/opendas_firm.dir/C_/VSARM/PicoSDK/pico-sdk/lib/tinyusb/src/device/usbd.c.obj
                0x10005dc8                tud_inited
 .text.tud_init
                0x10005ddc       0xcc CMakeFiles/opendas_firm.dir/C_/VSARM/PicoSDK/pico-sdk/lib/tinyusb/src/device/usbd.c.obj
                0x10005ddc                tud_init
 .text.usbd_defer_func
                0x10005ea8       0x2a CMakeFiles/opendas_firm.dir/C_/VSARM/PicoSDK/pico-sdk/lib/tinyusb/src/device/usbd.c.obj
                0x10005ea8                usbd_defer_func
 *fill*         0x10005ed2        0x2 
 .text.usbd_edpt_open
                0x10005ed4       0x34 CMakeFiles/opendas_firm.dir/C_/VSARM/PicoSDK/pico-sdk/lib/tinyusb/src/device/usbd.c.obj
                0x10005ed4                usbd_edpt_open
 .text.usbd_open_edpt_pair
                0x10005f08       0x62 CMakeFiles/opendas_firm.dir/C_/VSARM/PicoSDK/pico-sdk/lib/tinyusb/src/device/usbd.c.obj
                0x10005f08                usbd_open_edpt_pair
 *fill*         0x10005f6a        0x2 
 .text.usbd_edpt_claim
                0x10005f6c       0x28 CMakeFiles/opendas_firm.dir/C_/VSARM/PicoSDK/pico-sdk/lib/tinyusb/src/device/usbd.c.obj
                0x10005f6c                usbd_edpt_claim
 .text.usbd_edpt_release
                0x10005f94       0x28 CMakeFiles/opendas_firm.dir/C_/VSARM/PicoSDK/pico-sdk/lib/tinyusb/src/device/usbd.c.obj
                0x10005f94                usbd_edpt_release
 .text.usbd_edpt_xfer
                0x10005fbc       0x78 CMakeFiles/opendas_firm.dir/C_/VSARM/PicoSDK/pico-sdk/lib/tinyusb/src/device/usbd.c.obj
                0x10005fbc                usbd_edpt_xfer
 .text.usbd_edpt_stall
                0x10006034       0x48 CMakeFiles/opendas_firm.dir/C_/VSARM/PicoSDK/pico-sdk/lib/tinyusb/src/device/usbd.c.obj
                0x10006034                usbd_edpt_stall
 .text.usbd_edpt_clear_stall
                0x1000607c       0x48 CMakeFiles/opendas_firm.dir/C_/VSARM/PicoSDK/pico-sdk/lib/tinyusb/src/device/usbd.c.obj
                0x1000607c                usbd_edpt_clear_stall
 .text.usbd_edpt_stalled
                0x100060c4       0x1c CMakeFiles/opendas_firm.dir/C_/VSARM/PicoSDK/pico-sdk/lib/tinyusb/src/device/usbd.c.obj
                0x100060c4                usbd_edpt_stalled
 .text.process_control_request
                0x100060e0      0x374 CMakeFiles/opendas_firm.dir/C_/VSARM/PicoSDK/pico-sdk/lib/tinyusb/src/device/usbd.c.obj
 .text.tud_task_ext
                0x10006454      0x1b4 CMakeFiles/opendas_firm.dir/C_/VSARM/PicoSDK/pico-sdk/lib/tinyusb/src/device/usbd.c.obj
                0x10006454                tud_task_ext
 .text._status_stage_xact
                0x10006608       0x1a CMakeFiles/opendas_firm.dir/C_/VSARM/PicoSDK/pico-sdk/lib/tinyusb/src/device/usbd_control.c.obj
 *fill*         0x10006622        0x2 
 .text._data_stage_xact
                0x10006624       0x58 CMakeFiles/opendas_firm.dir/C_/VSARM/PicoSDK/pico-sdk/lib/tinyusb/src/device/usbd_control.c.obj
 .text.tud_control_status
                0x1000667c       0x28 CMakeFiles/opendas_firm.dir/C_/VSARM/PicoSDK/pico-sdk/lib/tinyusb/src/device/usbd_control.c.obj
                0x1000667c                tud_control_status
 .text.tud_control_xfer
                0x100066a4       0x68 CMakeFiles/opendas_firm.dir/C_/VSARM/PicoSDK/pico-sdk/lib/tinyusb/src/device/usbd_control.c.obj
                0x100066a4                tud_control_xfer
 .text.usbd_control_reset
                0x1000670c       0x14 CMakeFiles/opendas_firm.dir/C_/VSARM/PicoSDK/pico-sdk/lib/tinyusb/src/device/usbd_control.c.obj
                0x1000670c                usbd_control_reset
 .text.usbd_control_set_complete_callback
                0x10006720        0xc CMakeFiles/opendas_firm.dir/C_/VSARM/PicoSDK/pico-sdk/lib/tinyusb/src/device/usbd_control.c.obj
                0x10006720                usbd_control_set_complete_callback
 .text.usbd_control_set_request
                0x1000672c       0x1c CMakeFiles/opendas_firm.dir/C_/VSARM/PicoSDK/pico-sdk/lib/tinyusb/src/device/usbd_control.c.obj
                0x1000672c                usbd_control_set_request
 .text.usbd_control_xfer_cb
                0x10006748       0xbc CMakeFiles/opendas_firm.dir/C_/VSARM/PicoSDK/pico-sdk/lib/tinyusb/src/device/usbd_control.c.obj
                0x10006748                usbd_control_xfer_cb
 .text._prep_out_transaction
                0x10006804       0x4a CMakeFiles/opendas_firm.dir/C_/VSARM/PicoSDK/pico-sdk/lib/tinyusb/src/class/cdc/cdc_device.c.obj
 *fill*         0x1000684e        0x2 
 .text.tud_cdc_n_connected
                0x10006850       0x38 CMakeFiles/opendas_firm.dir/C_/VSARM/PicoSDK/pico-sdk/lib/tinyusb/src/class/cdc/cdc_device.c.obj
                0x10006850                tud_cdc_n_connected
 .text.tud_cdc_n_available
                0x10006888       0x18 CMakeFiles/opendas_firm.dir/C_/VSARM/PicoSDK/pico-sdk/lib/tinyusb/src/class/cdc/cdc_device.c.obj
                0x10006888                tud_cdc_n_available
 .text.tud_cdc_n_read
                0x100068a0       0x28 CMakeFiles/opendas_firm.dir/C_/VSARM/PicoSDK/pico-sdk/lib/tinyusb/src/class/cdc/cdc_device.c.obj
                0x100068a0                tud_cdc_n_read
 .text.tud_cdc_n_write_flush
                0x100068c8       0xb8 CMakeFiles/opendas_firm.dir/C_/VSARM/PicoSDK/pico-sdk/lib/tinyusb/src/class/cdc/cdc_device.c.obj
                0x100068c8                tud_cdc_n_write_flush
 .text.tud_cdc_n_write
                0x10006980       0x38 CMakeFiles/opendas_firm.dir/C_/VSARM/PicoSDK/pico-sdk/lib/tinyusb/src/class/cdc/cdc_device.c.obj
                0x10006980                tud_cdc_n_write
 .text.tud_cdc_n_write_available
                0x100069b8       0x1c CMakeFiles/opendas_firm.dir/C_/VSARM/PicoSDK/pico-sdk/lib/tinyusb/src/class/cdc/cdc_device.c.obj
                0x100069b8                tud_cdc_n_write_available
 .text.cdcd_init
                0x100069d4       0xbc CMakeFiles/opendas_firm.dir/C_/VSARM/PicoSDK/pico-sdk/lib/tinyusb/src/class/cdc/cdc_device.c.obj
                0x100069d4                cdcd_init
 .text.cdcd_reset
                0x10006a90       0x44 CMakeFiles/opendas_firm.dir/C_/VSARM/PicoSDK/pico-sdk/lib/tinyusb/src/class/cdc/cdc_device.c.obj
                0x10006a90                cdcd_reset
 .text.cdcd_open
                0x10006ad4       0xc4 CMakeFiles/opendas_firm.dir/C_/VSARM/PicoSDK/pico-sdk/lib/tinyusb/src/class/cdc/cdc_device.c.obj
                0x10006ad4                cdcd_open
 .text.cdcd_control_xfer_cb
                0x10006b98      0x134 CMakeFiles/opendas_firm.dir/C_/VSARM/PicoSDK/pico-sdk/lib/tinyusb/src/class/cdc/cdc_device.c.obj
                0x10006b98                cdcd_control_xfer_cb
 .text.cdcd_xfer_cb
                0x10006ccc      0x130 CMakeFiles/opendas_firm.dir/C_/VSARM/PicoSDK/pico-sdk/lib/tinyusb/src/class/cdc/cdc_device.c.obj
                0x10006ccc                cdcd_xfer_cb
 .text.tusb_init
                0x10006dfc        0xa CMakeFiles/opendas_firm.dir/C_/VSARM/PicoSDK/pico-sdk/lib/tinyusb/src/tusb.c.obj
                0x10006dfc                tusb_init
 .text.tusb_inited
                0x10006e06        0xe CMakeFiles/opendas_firm.dir/C_/VSARM/PicoSDK/pico-sdk/lib/tinyusb/src/tusb.c.obj
                0x10006e06                tusb_inited
 .text.tu_edpt_claim
                0x10006e14       0x50 CMakeFiles/opendas_firm.dir/C_/VSARM/PicoSDK/pico-sdk/lib/tinyusb/src/tusb.c.obj
                0x10006e14                tu_edpt_claim
 .text.tu_edpt_release
                0x10006e64       0x38 CMakeFiles/opendas_firm.dir/C_/VSARM/PicoSDK/pico-sdk/lib/tinyusb/src/tusb.c.obj
                0x10006e64                tu_edpt_release
 .text.tu_edpt_validate
                0x10006e9c       0x78 CMakeFiles/opendas_firm.dir/C_/VSARM/PicoSDK/pico-sdk/lib/tinyusb/src/tusb.c.obj
                0x10006e9c                tu_edpt_validate
 .text.tu_edpt_bind_driver
                0x10006f14       0x26 CMakeFiles/opendas_firm.dir/C_/VSARM/PicoSDK/pico-sdk/lib/tinyusb/src/tusb.c.obj
                0x10006f14                tu_edpt_bind_driver
 .text.advance_index
                0x10006f3a       0x1a CMakeFiles/opendas_firm.dir/C_/VSARM/PicoSDK/pico-sdk/lib/tinyusb/src/common/tusb_fifo.c.obj
 .text._tu_fifo_peek
                0x10006f54       0x56 CMakeFiles/opendas_firm.dir/C_/VSARM/PicoSDK/pico-sdk/lib/tinyusb/src/common/tusb_fifo.c.obj
 .text._ff_pull_const_addr
                0x10006faa       0x4c CMakeFiles/opendas_firm.dir/C_/VSARM/PicoSDK/pico-sdk/lib/tinyusb/src/common/tusb_fifo.c.obj
 .text._ff_pull_n
                0x10006ff6      0x110 CMakeFiles/opendas_firm.dir/C_/VSARM/PicoSDK/pico-sdk/lib/tinyusb/src/common/tusb_fifo.c.obj
 .text._tu_fifo_peek_n
                0x10007106       0x6a CMakeFiles/opendas_firm.dir/C_/VSARM/PicoSDK/pico-sdk/lib/tinyusb/src/common/tusb_fifo.c.obj
 .text._tu_fifo_read_n
                0x10007170       0x4e CMakeFiles/opendas_firm.dir/C_/VSARM/PicoSDK/pico-sdk/lib/tinyusb/src/common/tusb_fifo.c.obj
 .text._ff_push_const_addr
                0x100071be       0x40 CMakeFiles/opendas_firm.dir/C_/VSARM/PicoSDK/pico-sdk/lib/tinyusb/src/common/tusb_fifo.c.obj
 .text._ff_push_n
                0x100071fe      0x10c CMakeFiles/opendas_firm.dir/C_/VSARM/PicoSDK/pico-sdk/lib/tinyusb/src/common/tusb_fifo.c.obj
 .text._tu_fifo_write_n
                0x1000730a       0xf0 CMakeFiles/opendas_firm.dir/C_/VSARM/PicoSDK/pico-sdk/lib/tinyusb/src/common/tusb_fifo.c.obj
 .text.tu_fifo_config
                0x100073fa       0x7c CMakeFiles/opendas_firm.dir/C_/VSARM/PicoSDK/pico-sdk/lib/tinyusb/src/common/tusb_fifo.c.obj
                0x100073fa                tu_fifo_config
 .text.tu_fifo_count
                0x10007476       0x2a CMakeFiles/opendas_firm.dir/C_/VSARM/PicoSDK/pico-sdk/lib/tinyusb/src/common/tusb_fifo.c.obj
                0x10007476                tu_fifo_count
 .text.tu_fifo_empty
                0x100074a0        0xe CMakeFiles/opendas_firm.dir/C_/VSARM/PicoSDK/pico-sdk/lib/tinyusb/src/common/tusb_fifo.c.obj
                0x100074a0                tu_fifo_empty
 .text.tu_fifo_full
                0x100074ae       0x28 CMakeFiles/opendas_firm.dir/C_/VSARM/PicoSDK/pico-sdk/lib/tinyusb/src/common/tusb_fifo.c.obj
                0x100074ae                tu_fifo_full
 .text.tu_fifo_remaining
                0x100074d6       0x2c CMakeFiles/opendas_firm.dir/C_/VSARM/PicoSDK/pico-sdk/lib/tinyusb/src/common/tusb_fifo.c.obj
                0x100074d6                tu_fifo_remaining
 .text.tu_fifo_read
                0x10007502       0x42 CMakeFiles/opendas_firm.dir/C_/VSARM/PicoSDK/pico-sdk/lib/tinyusb/src/common/tusb_fifo.c.obj
                0x10007502                tu_fifo_read
 .text.tu_fifo_read_n
                0x10007544        0xa CMakeFiles/opendas_firm.dir/C_/VSARM/PicoSDK/pico-sdk/lib/tinyusb/src/common/tusb_fifo.c.obj
                0x10007544                tu_fifo_read_n
 .text.tu_fifo_write
                0x1000754e       0x64 CMakeFiles/opendas_firm.dir/C_/VSARM/PicoSDK/pico-sdk/lib/tinyusb/src/common/tusb_fifo.c.obj
                0x1000754e                tu_fifo_write
 .text.tu_fifo_write_n
                0x100075b2        0xa CMakeFiles/opendas_firm.dir/C_/VSARM/PicoSDK/pico-sdk/lib/tinyusb/src/common/tusb_fifo.c.obj
                0x100075b2                tu_fifo_write_n
 .text.tu_fifo_clear
                0x100075bc       0x3e CMakeFiles/opendas_firm.dir/C_/VSARM/PicoSDK/pico-sdk/lib/tinyusb/src/common/tusb_fifo.c.obj
                0x100075bc                tu_fifo_clear
 .text.tu_fifo_set_overwritable
                0x100075fa       0x46 CMakeFiles/opendas_firm.dir/C_/VSARM/PicoSDK/pico-sdk/lib/tinyusb/src/common/tusb_fifo.c.obj
                0x100075fa                tu_fifo_set_overwritable
 .text.spi_set_baudrate
                0x10007640       0x92 CMakeFiles/opendas_firm.dir/C_/VSARM/PicoSDK/pico-sdk/src/rp2_common/hardware_spi/spi.c.obj
                0x10007640                spi_set_baudrate
 *fill*         0x100076d2        0x2 
 .text.spi_init
                0x100076d4       0x68 CMakeFiles/opendas_firm.dir/C_/VSARM/PicoSDK/pico-sdk/src/rp2_common/hardware_spi/spi.c.obj
                0x100076d4                spi_init
 .text.strlen   0x1000773c       0x5c c:/vsarm/armcc/12.2 mpacbti-rel1/bin/../lib/gcc/arm-none-eabi/12.2.1/thumb/v6-m/nofp\libg.a(libc_a-strlen-stub.o)
                0x1000773c                strlen
 *(.fini)
 .fini          0x10007798        0x4 c:/vsarm/armcc/12.2 mpacbti-rel1/bin/../lib/gcc/arm-none-eabi/12.2.1/thumb/v6-m/nofp/crti.o
                0x10007798                _fini
 *fill*         0x1000779c        0x4 
 .fini.__stub   0x100077a0      0x100 linker stubs
 *crtbegin.o(.ctors)
 *crtbegin?.o(.ctors)
 *(EXCLUDE_FILE(*crtend.o *crtend?.o) .ctors)
 *(SORT_BY_NAME(.ctors.*))
 *(.ctors)
 *crtbegin.o(.dtors)
 *crtbegin?.o(.dtors)
 *(EXCLUDE_FILE(*crtend.o *crtend?.o) .dtors)
 *(SORT_BY_NAME(.dtors.*))
 *(.dtors)
 *(.eh_frame*)
 .eh_frame      0x100078a0        0x0 c:/vsarm/armcc/12.2 mpacbti-rel1/bin/../lib/gcc/arm-none-eabi/12.2.1/thumb/v6-m/nofp/crtbegin.o
                0x100078a0                        . = ALIGN (0x4)

.glue_7         0x100078a0        0x0
 .glue_7        0x100078a0        0x0 linker stubs

.glue_7t        0x100078a0        0x0
 .glue_7t       0x100078a0        0x0 linker stubs

.vfp11_veneer   0x100078a0        0x0
 .vfp11_veneer  0x100078a0        0x0 linker stubs

.v4_bx          0x100078a0        0x0
 .v4_bx         0x100078a0        0x0 linker stubs

.iplt           0x100078a0        0x0
 .iplt          0x100078a0        0x0 c:/vsarm/armcc/12.2 mpacbti-rel1/bin/../lib/gcc/arm-none-eabi/12.2.1/thumb/v6-m/nofp/crtbegin.o

.rodata         0x100078a0     0x16e0
 *(EXCLUDE_FILE(*libm.a: *libc.a:*lib_a-mem*.o *libgcc.a:) .rodata*)
 .rodata._Z22main_adc_read_callbackjm.str1.4
                0x100078a0       0x26 CMakeFiles/opendas_firm.dir/main.cpp.obj
 *fill*         0x100078c6        0x2 
 .rodata._Z33init_start_adc_conv_pin_interruptv.str1.4
                0x100078c8       0x27 CMakeFiles/opendas_firm.dir/main.cpp.obj
 *fill*         0x100078ef        0x1 
 .rodata._Z14print_adc_regsv.str1.4
                0x100078f0      0x13b CMakeFiles/opendas_firm.dir/main.cpp.obj
 *fill*         0x10007a2b        0x1 
 .rodata._Z13init_main_adcv.str1.4
                0x10007a2c       0x39 CMakeFiles/opendas_firm.dir/main.cpp.obj
 *fill*         0x10007a65        0x3 
 .rodata.main.str1.4
                0x10007a68        0xe CMakeFiles/opendas_firm.dir/main.cpp.obj
 *fill*         0x10007a76        0x2 
 .rodata._ZN16ShiftRegister5954sendEh.str1.4
                0x10007a78       0x16 CMakeFiles/opendas_firm.dir/ShiftRegister595.cpp.obj
 *fill*         0x10007a8e        0x2 
 .rodata.spin_lock_claim_unused.str1.4
                0x10007a90       0x1b CMakeFiles/opendas_firm.dir/C_/VSARM/PicoSDK/pico-sdk/src/rp2_common/hardware_sync/sync.c.obj
 *fill*         0x10007aab        0x1 
 .rodata.resolve_branch.str1.4
                0x10007aac       0x54 CMakeFiles/opendas_firm.dir/C_/VSARM/PicoSDK/pico-sdk/src/rp2_common/hardware_irq/irq.c.obj
 .rodata.make_branch.str1.4
                0x10007b00       0x30 CMakeFiles/opendas_firm.dir/C_/VSARM/PicoSDK/pico-sdk/src/rp2_common/hardware_irq/irq.c.obj
 .rodata.insert_branch_and_link.str1.4
                0x10007b30       0x10 CMakeFiles/opendas_firm.dir/C_/VSARM/PicoSDK/pico-sdk/src/rp2_common/hardware_irq/irq.c.obj
 .rodata.irq_set_exclusive_handler.str1.4
                0x10007b40       0x36 CMakeFiles/opendas_firm.dir/C_/VSARM/PicoSDK/pico-sdk/src/rp2_common/hardware_irq/irq.c.obj
 *fill*         0x10007b76        0x2 
 .rodata.irq_add_shared_handler.str1.4
                0x10007b78       0xc2 CMakeFiles/opendas_firm.dir/C_/VSARM/PicoSDK/pico-sdk/src/rp2_common/hardware_irq/irq.c.obj
 *fill*         0x10007c3a        0x2 
 .rodata.irq_remove_handler.str1.4
                0x10007c3c       0x3a CMakeFiles/opendas_firm.dir/C_/VSARM/PicoSDK/pico-sdk/src/rp2_common/hardware_irq/irq.c.obj
 *fill*         0x10007c76        0x2 
 .rodata.irq_add_tail_to_free_list.str1.4
                0x10007c78       0x3a CMakeFiles/opendas_firm.dir/C_/VSARM/PicoSDK/pico-sdk/src/rp2_common/hardware_irq/irq.c.obj
 *fill*         0x10007cb2        0x2 
 .rodata.user_irq_claim_unused.str1.4
                0x10007cb4       0x1b CMakeFiles/opendas_firm.dir/C_/VSARM/PicoSDK/pico-sdk/src/rp2_common/hardware_irq/irq.c.obj
 *fill*         0x10007ccf        0x1 
 .rodata.__func__.0
                0x10007cd0       0x1a CMakeFiles/opendas_firm.dir/C_/VSARM/PicoSDK/pico-sdk/src/rp2_common/hardware_irq/irq.c.obj
 *fill*         0x10007cea        0x2 
 .rodata.__func__.1
                0x10007cec       0x17 CMakeFiles/opendas_firm.dir/C_/VSARM/PicoSDK/pico-sdk/src/rp2_common/hardware_irq/irq.c.obj
 *fill*         0x10007d03        0x1 
 .rodata.__func__.2
                0x10007d04       0x13 CMakeFiles/opendas_firm.dir/C_/VSARM/PicoSDK/pico-sdk/src/rp2_common/hardware_irq/irq.c.obj
 *fill*         0x10007d17        0x1 
 .rodata.__func__.3
                0x10007d18        0xc CMakeFiles/opendas_firm.dir/C_/VSARM/PicoSDK/pico-sdk/src/rp2_common/hardware_irq/irq.c.obj
 .rodata.__func__.4
                0x10007d24        0xf CMakeFiles/opendas_firm.dir/C_/VSARM/PicoSDK/pico-sdk/src/rp2_common/hardware_irq/irq.c.obj
 *fill*         0x10007d33        0x1 
 .rodata.__func__.5
                0x10007d34       0x17 CMakeFiles/opendas_firm.dir/C_/VSARM/PicoSDK/pico-sdk/src/rp2_common/hardware_irq/irq.c.obj
 *fill*         0x10007d4b        0x1 
 .rodata.__func__.6
                0x10007d4c       0x1a CMakeFiles/opendas_firm.dir/C_/VSARM/PicoSDK/pico-sdk/src/rp2_common/hardware_irq/irq.c.obj
 *fill*         0x10007d66        0x2 
 .rodata.update_us_since_boot.str1.4
                0x10007d68       0x60 CMakeFiles/opendas_firm.dir/C_/VSARM/PicoSDK/pico-sdk/src/common/pico_sync/mutex.c.obj
 .rodata.str1.4
                0x10007dc8       0x89 CMakeFiles/opendas_firm.dir/C_/VSARM/PicoSDK/pico-sdk/src/common/pico_sync/mutex.c.obj
 *fill*         0x10007e51        0x3 
 .rodata.__func__.1
                0x10007e54        0xb CMakeFiles/opendas_firm.dir/C_/VSARM/PicoSDK/pico-sdk/src/common/pico_sync/mutex.c.obj
 *fill*         0x10007e5f        0x1 
 .rodata.__func__.3
                0x10007e60       0x18 CMakeFiles/opendas_firm.dir/C_/VSARM/PicoSDK/pico-sdk/src/common/pico_sync/mutex.c.obj
 .rodata.__func__.4
                0x10007e78       0x15 CMakeFiles/opendas_firm.dir/C_/VSARM/PicoSDK/pico-sdk/src/common/pico_sync/mutex.c.obj
 *fill*         0x10007e8d        0x3 
 .rodata.get_entry.str1.4
                0x10007e90       0x5a CMakeFiles/opendas_firm.dir/C_/VSARM/PicoSDK/pico-sdk/src/common/pico_time/time.c.obj
 .rodata.update_us_since_boot.str1.4
                0x10007eea       0x60 CMakeFiles/opendas_firm.dir/C_/VSARM/PicoSDK/pico-sdk/src/common/pico_time/time.c.obj
 *fill*         0x10007eea        0x2 
 .rodata.ph_get_node.str1.4
                0x10007eec       0x65 CMakeFiles/opendas_firm.dir/C_/VSARM/PicoSDK/pico-sdk/src/common/pico_time/time.c.obj
 *fill*         0x10007f51        0x3 
 .rodata.ph_add_child_node.str1.4
                0x10007f54       0x2e CMakeFiles/opendas_firm.dir/C_/VSARM/PicoSDK/pico-sdk/src/common/pico_time/time.c.obj
 *fill*         0x10007f82        0x2 
 .rodata.ph_insert_node.str1.4
                0x10007f84        0x3 CMakeFiles/opendas_firm.dir/C_/VSARM/PicoSDK/pico-sdk/src/common/pico_time/time.c.obj
 *fill*         0x10007f87        0x1 
 .rodata.ph_free_node.str1.4
                0x10007f88       0x38 CMakeFiles/opendas_firm.dir/C_/VSARM/PicoSDK/pico-sdk/src/common/pico_time/time.c.obj
 .rodata.add_alarm_under_lock.str1.4
                0x10007fc0       0x28 CMakeFiles/opendas_firm.dir/C_/VSARM/PicoSDK/pico-sdk/src/common/pico_time/time.c.obj
 .rodata.alarm_pool_alarm_callback.str1.4
                0x10007fe8       0x60 CMakeFiles/opendas_firm.dir/C_/VSARM/PicoSDK/pico-sdk/src/common/pico_time/time.c.obj
 .rodata.alarm_pool_get_default.str1.4
                0x10008048       0x21 CMakeFiles/opendas_firm.dir/C_/VSARM/PicoSDK/pico-sdk/src/common/pico_time/time.c.obj
 *fill*         0x10008069        0x3 
 .rodata.alarm_pool_cancel_alarm.str1.4
                0x1000806c       0x27 CMakeFiles/opendas_firm.dir/C_/VSARM/PicoSDK/pico-sdk/src/common/pico_time/time.c.obj
 *fill*         0x10008093        0x1 
 .rodata.sleep_until.str1.4
                0x10008094       0x4d CMakeFiles/opendas_firm.dir/C_/VSARM/PicoSDK/pico-sdk/src/common/pico_time/time.c.obj
 *fill*         0x100080e1        0x3 
 .rodata.__func__.1
                0x100080e4       0x18 CMakeFiles/opendas_firm.dir/C_/VSARM/PicoSDK/pico-sdk/src/common/pico_time/time.c.obj
 .rodata.__func__.3
                0x100080fc       0x17 CMakeFiles/opendas_firm.dir/C_/VSARM/PicoSDK/pico-sdk/src/common/pico_time/time.c.obj
 *fill*         0x10008113        0x1 
 .rodata.__func__.4
                0x10008114       0x12 CMakeFiles/opendas_firm.dir/C_/VSARM/PicoSDK/pico-sdk/src/common/pico_time/time.c.obj
 *fill*         0x10008126        0x2 
 .rodata.__func__.5
                0x10008128        0xd CMakeFiles/opendas_firm.dir/C_/VSARM/PicoSDK/pico-sdk/src/common/pico_time/time.c.obj
 *fill*         0x10008135        0x3 
 .rodata.__func__.6
                0x10008138       0x12 CMakeFiles/opendas_firm.dir/C_/VSARM/PicoSDK/pico-sdk/src/common/pico_time/time.c.obj
 *fill*         0x1000814a        0x2 
 .rodata.__func__.7
                0x1000814c        0xf CMakeFiles/opendas_firm.dir/C_/VSARM/PicoSDK/pico-sdk/src/common/pico_time/time.c.obj
 *fill*         0x1000815b        0x1 
 .rodata.__func__.8
                0x1000815c        0xc CMakeFiles/opendas_firm.dir/C_/VSARM/PicoSDK/pico-sdk/src/common/pico_time/time.c.obj
 .rodata.__func__.9
                0x10008168       0x15 CMakeFiles/opendas_firm.dir/C_/VSARM/PicoSDK/pico-sdk/src/common/pico_time/time.c.obj
 *fill*         0x1000817d        0x3 
 .rodata.__func__.10
                0x10008180       0x15 CMakeFiles/opendas_firm.dir/C_/VSARM/PicoSDK/pico-sdk/src/common/pico_time/time.c.obj
 *fill*         0x10008195        0x3 
 .rodata.__func__.11
                0x10008198       0x1a CMakeFiles/opendas_firm.dir/C_/VSARM/PicoSDK/pico-sdk/src/common/pico_time/time.c.obj
 *fill*         0x100081b2        0x2 
 .rodata.__func__.12
                0x100081b4        0xa CMakeFiles/opendas_firm.dir/C_/VSARM/PicoSDK/pico-sdk/src/common/pico_time/time.c.obj
 *fill*         0x100081be        0x2 
 .rodata.hardware_alarm_claim.str1.4
                0x100081c0       0x22 CMakeFiles/opendas_firm.dir/C_/VSARM/PicoSDK/pico-sdk/src/rp2_common/hardware_timer/timer.c.obj
 *fill*         0x100081e2        0x2 
 .rodata.hardware_alarm_set_target.str1.4
                0x100081e4       0x64 CMakeFiles/opendas_firm.dir/C_/VSARM/PicoSDK/pico-sdk/src/rp2_common/hardware_timer/timer.c.obj
 .rodata.__func__.0
                0x10008248       0x1a CMakeFiles/opendas_firm.dir/C_/VSARM/PicoSDK/pico-sdk/src/rp2_common/hardware_timer/timer.c.obj
 .rodata.ph_get_node.str1.4
                0x10008262       0x65 CMakeFiles/opendas_firm.dir/C_/VSARM/PicoSDK/pico-sdk/src/common/pico_util/pheap.c.obj
 .rodata.ph_add_child_node.str1.4
                0x10008262       0x2e CMakeFiles/opendas_firm.dir/C_/VSARM/PicoSDK/pico-sdk/src/common/pico_util/pheap.c.obj
 *fill*         0x10008262        0x2 
 .rodata.ph_remove_any_head.str1.4
                0x10008264       0x8c CMakeFiles/opendas_firm.dir/C_/VSARM/PicoSDK/pico-sdk/src/common/pico_util/pheap.c.obj
                                 0xa0 (size before relaxing)
 .rodata.ph_remove_and_free_node.str1.4
                0x100082f0       0x1e CMakeFiles/opendas_firm.dir/C_/VSARM/PicoSDK/pico-sdk/src/common/pico_util/pheap.c.obj
                                 0x26 (size before relaxing)
 *fill*         0x1000830e        0x2 
 .rodata.__func__.0
                0x10008310       0x18 CMakeFiles/opendas_firm.dir/C_/VSARM/PicoSDK/pico-sdk/src/common/pico_util/pheap.c.obj
 .rodata.__func__.1
                0x10008328       0x13 CMakeFiles/opendas_firm.dir/C_/VSARM/PicoSDK/pico-sdk/src/common/pico_util/pheap.c.obj
 *fill*         0x1000833b        0x1 
 .rodata.__func__.2
                0x1000833c       0x12 CMakeFiles/opendas_firm.dir/C_/VSARM/PicoSDK/pico-sdk/src/common/pico_util/pheap.c.obj
 *fill*         0x1000834e        0x2 
 .rodata.__func__.3
                0x10008350        0xc CMakeFiles/opendas_firm.dir/C_/VSARM/PicoSDK/pico-sdk/src/common/pico_util/pheap.c.obj
 .rodata.clock_configure.str1.4
                0x1000835c       0x56 CMakeFiles/opendas_firm.dir/C_/VSARM/PicoSDK/pico-sdk/src/rp2_common/hardware_clocks/clocks.c.obj
 *fill*         0x100083b2        0x2 
 .rodata.__func__.1
                0x100083b4       0x10 CMakeFiles/opendas_firm.dir/C_/VSARM/PicoSDK/pico-sdk/src/rp2_common/hardware_clocks/clocks.c.obj
 .rodata.pll_init.str1.4
                0x100083c4      0x11f CMakeFiles/opendas_firm.dir/C_/VSARM/PicoSDK/pico-sdk/src/rp2_common/hardware_pll/pll.c.obj
 *fill*         0x100084e3        0x1 
 .rodata.__func__.0
                0x100084e4        0x9 CMakeFiles/opendas_firm.dir/C_/VSARM/PicoSDK/pico-sdk/src/rp2_common/hardware_pll/pll.c.obj
 *fill*         0x100084ed        0x3 
 .rodata.__assert_func.str1.4
                0x100084f0       0x3f CMakeFiles/opendas_firm.dir/C_/VSARM/PicoSDK/pico-sdk/src/rp2_common/pico_runtime/runtime.c.obj
                                 0x43 (size before relaxing)
 *fill*         0x1000852f        0x1 
 .rodata.runtime_init.str1.4
                0x10008530       0x60 CMakeFiles/opendas_firm.dir/C_/VSARM/PicoSDK/pico-sdk/src/rp2_common/pico_runtime/runtime.c.obj
 .rodata.panic.str1.4
                0x10008590       0x10 CMakeFiles/opendas_firm.dir/C_/VSARM/PicoSDK/pico-sdk/src/rp2_common/pico_runtime/runtime.c.obj
                                 0x12 (size before relaxing)
 .rodata.__func__.2
                0x100085a0        0xd CMakeFiles/opendas_firm.dir/C_/VSARM/PicoSDK/pico-sdk/src/rp2_common/pico_runtime/runtime.c.obj
 *fill*         0x100085ad        0x3 
 .rodata._ftoa.str1.4
                0x100085b0       0x15 CMakeFiles/opendas_firm.dir/C_/VSARM/PicoSDK/pico-sdk/src/rp2_common/pico_printf/printf.c.obj
 *fill*         0x100085c5        0x3 
 .rodata._vsnprintf
                0x100085c8      0x19c CMakeFiles/opendas_firm.dir/C_/VSARM/PicoSDK/pico-sdk/src/rp2_common/pico_printf/printf.c.obj
 *fill*         0x10008764        0x4 
 .rodata.pow10.0
                0x10008768       0x50 CMakeFiles/opendas_firm.dir/C_/VSARM/PicoSDK/pico-sdk/src/rp2_common/pico_printf/printf.c.obj
 .rodata.__aeabi_double_init.str1.4
                0x100087b8       0xa7 CMakeFiles/opendas_firm.dir/C_/VSARM/PicoSDK/pico-sdk/src/rp2_common/pico_double/double_init_rom.c.obj
 *fill*         0x1000885f        0x1 
 .rodata.__func__.0
                0x10008860       0x14 CMakeFiles/opendas_firm.dir/C_/VSARM/PicoSDK/pico-sdk/src/rp2_common/pico_double/double_init_rom.c.obj
 .rodata.__aeabi_float_init.str1.4
                0x10008874       0x79 CMakeFiles/opendas_firm.dir/C_/VSARM/PicoSDK/pico-sdk/src/rp2_common/pico_float/float_init_rom.c.obj
                                 0x7d (size before relaxing)
 *fill*         0x100088ed        0x3 
 .rodata.__func__.0
                0x100088f0       0x13 CMakeFiles/opendas_firm.dir/C_/VSARM/PicoSDK/pico-sdk/src/rp2_common/pico_float/float_init_rom.c.obj
 *fill*         0x10008903        0x1 
 .rodata.str1.4
                0x10008904       0x44 CMakeFiles/opendas_firm.dir/C_/VSARM/PicoSDK/pico-sdk/src/rp2_common/pico_standard_link/binary_info.c.obj
 .rodata.__bi_81
                0x10008948        0xc CMakeFiles/opendas_firm.dir/C_/VSARM/PicoSDK/pico-sdk/src/rp2_common/pico_standard_link/binary_info.c.obj
 .rodata.__bi_75
                0x10008954        0xc CMakeFiles/opendas_firm.dir/C_/VSARM/PicoSDK/pico-sdk/src/rp2_common/pico_standard_link/binary_info.c.obj
 .rodata.__bi_44
                0x10008960        0xc CMakeFiles/opendas_firm.dir/C_/VSARM/PicoSDK/pico-sdk/src/rp2_common/pico_standard_link/binary_info.c.obj
 .rodata.update_us_since_boot.str1.4
                0x1000896c       0x60 CMakeFiles/opendas_firm.dir/C_/VSARM/PicoSDK/pico-sdk/src/rp2_common/pico_stdio/stdio.c.obj
 .rodata.crlf_str.2
                0x1000896c        0x2 CMakeFiles/opendas_firm.dir/C_/VSARM/PicoSDK/pico-sdk/src/rp2_common/pico_stdio/stdio.c.obj
 *fill*         0x1000896e        0x2 
 .rodata.__func__.3
                0x10008970       0x15 CMakeFiles/opendas_firm.dir/C_/VSARM/PicoSDK/pico-sdk/src/rp2_common/pico_stdio/stdio.c.obj
 *fill*         0x10008985        0x3 
 .rodata._resetd_driver
                0x10008988       0x18 CMakeFiles/opendas_firm.dir/C_/VSARM/PicoSDK/pico-sdk/src/rp2_common/pico_stdio_usb/reset_interface.c.obj
 .rodata.update_us_since_boot.str1.4
                0x100089a0       0x60 CMakeFiles/opendas_firm.dir/C_/VSARM/PicoSDK/pico-sdk/src/rp2_common/pico_stdio_usb/stdio_usb.c.obj
 .rodata.stdio_usb_init.str1.4
                0x100089a0       0x44 CMakeFiles/opendas_firm.dir/C_/VSARM/PicoSDK/pico-sdk/src/rp2_common/pico_stdio_usb/stdio_usb.c.obj
                                 0x4c (size before relaxing)
 .rodata.str1.4
                0x100089e4       0x13 CMakeFiles/opendas_firm.dir/C_/VSARM/PicoSDK/pico-sdk/src/rp2_common/pico_stdio_usb/stdio_usb.c.obj
 *fill*         0x100089f7        0x1 
 .rodata.__bi_188.0
                0x100089f8        0xc CMakeFiles/opendas_firm.dir/C_/VSARM/PicoSDK/pico-sdk/src/rp2_common/pico_stdio_usb/stdio_usb.c.obj
 .rodata.__func__.1
                0x10008a04        0xf CMakeFiles/opendas_firm.dir/C_/VSARM/PicoSDK/pico-sdk/src/rp2_common/pico_stdio_usb/stdio_usb.c.obj
 *fill*         0x10008a13        0x1 
 .rodata.__func__.3
                0x10008a14       0x15 CMakeFiles/opendas_firm.dir/C_/VSARM/PicoSDK/pico-sdk/src/rp2_common/pico_stdio_usb/stdio_usb.c.obj
 *fill*         0x10008a29        0x3 
 .rodata.str1.4
                0x10008a2c       0x2a CMakeFiles/opendas_firm.dir/C_/VSARM/PicoSDK/pico-sdk/src/rp2_common/pico_stdio_usb/stdio_usb_descriptors.c.obj
 *fill*         0x10008a56        0x2 
 .rodata.usbd_desc_str
                0x10008a58       0x18 CMakeFiles/opendas_firm.dir/C_/VSARM/PicoSDK/pico-sdk/src/rp2_common/pico_stdio_usb/stdio_usb_descriptors.c.obj
 .rodata.usbd_desc_cfg
                0x10008a70       0x54 CMakeFiles/opendas_firm.dir/C_/VSARM/PicoSDK/pico-sdk/src/rp2_common/pico_stdio_usb/stdio_usb_descriptors.c.obj
 .rodata.usbd_desc_device
                0x10008ac4       0x12 CMakeFiles/opendas_firm.dir/C_/VSARM/PicoSDK/pico-sdk/src/rp2_common/pico_stdio_usb/stdio_usb_descriptors.c.obj
 *fill*         0x10008ad6        0x2 
 .rodata.pico_get_unique_board_id_string.str1.4
                0x10008ad8       0x4c CMakeFiles/opendas_firm.dir/C_/VSARM/PicoSDK/pico-sdk/src/rp2_common/pico_unique_id/unique_id.c.obj
 .rodata.__func__.0
                0x10008b24       0x20 CMakeFiles/opendas_firm.dir/C_/VSARM/PicoSDK/pico-sdk/src/rp2_common/pico_unique_id/unique_id.c.obj
 .rodata.str1.4
                0x10008b44      0x156 CMakeFiles/opendas_firm.dir/C_/VSARM/PicoSDK/pico-sdk/src/rp2_common/hardware_flash/flash.c.obj
 *fill*         0x10008c9a        0x2 
 .rodata.__func__.0
                0x10008c9c        0xd CMakeFiles/opendas_firm.dir/C_/VSARM/PicoSDK/pico-sdk/src/rp2_common/hardware_flash/flash.c.obj
 *fill*         0x10008ca9        0x3 
 .rodata._hw_endpoint_alloc.str1.4
                0x10008cac       0xb5 CMakeFiles/opendas_firm.dir/C_/VSARM/PicoSDK/pico-sdk/lib/tinyusb/src/portable/raspberrypi/rp2040/dcd_rp2040.c.obj
 *fill*         0x10008d61        0x3 
 .rodata.str1.4
                0x10008d64       0x14 CMakeFiles/opendas_firm.dir/C_/VSARM/PicoSDK/pico-sdk/lib/tinyusb/src/portable/raspberrypi/rp2040/dcd_rp2040.c.obj
 .rodata.dcd_int_enable.str1.4
                0x10008d78        0xc CMakeFiles/opendas_firm.dir/C_/VSARM/PicoSDK/pico-sdk/lib/tinyusb/src/portable/raspberrypi/rp2040/dcd_rp2040.c.obj
 .rodata.__func__.0
                0x10008d84        0xe CMakeFiles/opendas_firm.dir/C_/VSARM/PicoSDK/pico-sdk/lib/tinyusb/src/portable/raspberrypi/rp2040/dcd_rp2040.c.obj
 *fill*         0x10008d92        0x2 
 .rodata.__func__.1
                0x10008d94        0xe CMakeFiles/opendas_firm.dir/C_/VSARM/PicoSDK/pico-sdk/lib/tinyusb/src/portable/raspberrypi/rp2040/dcd_rp2040.c.obj
 *fill*         0x10008da2        0x2 
 .rodata.__func__.3
                0x10008da4       0x10 CMakeFiles/opendas_firm.dir/C_/VSARM/PicoSDK/pico-sdk/lib/tinyusb/src/portable/raspberrypi/rp2040/dcd_rp2040.c.obj
 .rodata.__func__.5
                0x10008db4        0xf CMakeFiles/opendas_firm.dir/C_/VSARM/PicoSDK/pico-sdk/lib/tinyusb/src/portable/raspberrypi/rp2040/dcd_rp2040.c.obj
 *fill*         0x10008dc3        0x1 
 .rodata.__func__.6
                0x10008dc4       0x13 CMakeFiles/opendas_firm.dir/C_/VSARM/PicoSDK/pico-sdk/lib/tinyusb/src/portable/raspberrypi/rp2040/dcd_rp2040.c.obj
 *fill*         0x10008dd7        0x1 
 .rodata.__func__.7
                0x10008dd8        0x9 CMakeFiles/opendas_firm.dir/C_/VSARM/PicoSDK/pico-sdk/lib/tinyusb/src/portable/raspberrypi/rp2040/dcd_rp2040.c.obj
 *fill*         0x10008de1        0x3 
 .rodata.str1.4
                0x10008de4       0xe7 CMakeFiles/opendas_firm.dir/C_/VSARM/PicoSDK/pico-sdk/lib/tinyusb/src/portable/raspberrypi/rp2040/rp2040_usb.c.obj
 *fill*         0x10008ecb        0x1 
 .rodata.__func__.0
                0x10008ecc        0xf CMakeFiles/opendas_firm.dir/C_/VSARM/PicoSDK/pico-sdk/lib/tinyusb/src/portable/raspberrypi/rp2040/rp2040_usb.c.obj
 *fill*         0x10008edb        0x1 
 .rodata.process_get_descriptor
                0x10008edc       0x40 CMakeFiles/opendas_firm.dir/C_/VSARM/PicoSDK/pico-sdk/lib/tinyusb/src/device/usbd.c.obj
 .rodata.process_control_request